Component: ARM Compiler 5.06 update 6 (build 750) Tool: armlink [4d35ed]

==============================================================================

Section Cross References

    board.o(i.BOARD_DebugConsoleSrcFreq) refers to fsl_clock.o(i.CLOCK_GetPllFreq) for CLOCK_GetPllFreq
    board.o(i.BOARD_DebugConsoleSrcFreq) refers to board.o(i.CLOCK_GetDiv) for CLOCK_GetDiv
    board.o(i.BOARD_DebugConsoleSrcFreq) refers to fsl_clock.o(.bss) for g_xtalFreq
    board.o(i.BOARD_InitDebugConsole) refers to board.o(i.BOARD_DebugConsoleSrcFreq) for BOARD_DebugConsoleSrcFreq
    board.o(i.BOARD_InitDebugConsole) refers to fsl_debug_console.o(i.DbgConsole_Init) for DbgConsole_Init
    board.o(i.BOARD_SD_Pin_Config) refers to board.o(i.IOMUXC_SetPinConfig) for IOMUXC_SetPinConfig
    board.o(i.board_init) refers to board.o(i.BOARD_ConfigMPU) for BOARD_ConfigMPU
    board.o(i.board_init) refers to clock_config.o(i.BOARD_BootClockRUN) for BOARD_BootClockRUN
    board.o(i.board_init) refers to board.o(i.BOARD_InitDebugConsole) for BOARD_InitDebugConsole
    board.o(i.board_init) refers to zf_uart.o(i.uart_init) for uart_init
    clock_config.o(i.BOARD_BootClockRUN) refers to fsl_clock.o(i.CLOCK_InitExternalClk) for CLOCK_InitExternalClk
    clock_config.o(i.BOARD_BootClockRUN) refers to fsl_clock.o(i.CLOCK_InitRcOsc24M) for CLOCK_InitRcOsc24M
    clock_config.o(i.BOARD_BootClockRUN) refers to fsl_clock.o(i.CLOCK_SwitchOsc) for CLOCK_SwitchOsc
    clock_config.o(i.BOARD_BootClockRUN) refers to clock_config.o(i.CLOCK_SetMux) for CLOCK_SetMux
    clock_config.o(i.BOARD_BootClockRUN) refers to fsl_clock.o(i.CLOCK_InitArmPll) for CLOCK_InitArmPll
    clock_config.o(i.BOARD_BootClockRUN) refers to fsl_clock.o(i.CLOCK_DeinitAudioPll) for CLOCK_DeinitAudioPll
    clock_config.o(i.BOARD_BootClockRUN) refers to clock_config.o(i.CLOCK_SetPllBypass) for CLOCK_SetPllBypass
    clock_config.o(i.BOARD_BootClockRUN) refers to fsl_clock.o(i.CLOCK_DeinitVideoPll) for CLOCK_DeinitVideoPll
    clock_config.o(i.BOARD_BootClockRUN) refers to fsl_clock.o(i.CLOCK_DeinitEnetPll) for CLOCK_DeinitEnetPll
    clock_config.o(i.BOARD_BootClockRUN) refers to fsl_clock.o(i.CLOCK_DeinitUsb2Pll) for CLOCK_DeinitUsb2Pll
    clock_config.o(i.BOARD_BootClockRUN) refers to clock_config.o(i.CLOCK_SetDiv) for CLOCK_SetDiv
    clock_config.o(i.BOARD_BootClockRUN) refers to clock_config.o(i.CLOCK_DisableClock) for CLOCK_DisableClock
    clock_config.o(i.BOARD_BootClockRUN) refers to fsl_clock.o(.bss) for g_rtcXtalFreq
    clock_config.o(i.BOARD_BootClockRUN) refers to clock_config.o(.constdata) for armPllConfig_BOARD_BootClockRUN
    clock_config.o(i.BOARD_BootClockRUN) refers to system_mimxrt1064.o(.data) for SystemCoreClock
    clock_config.o(i.BOARD_InitBootClocks) refers to clock_config.o(i.BOARD_BootClockRUN) for BOARD_BootClockRUN
    clock_config.o(i.CLOCK_DisableClock) refers to fsl_assert.o(i.__aeabi_assert) for __aeabi_assert
    clock_config.o(i.CLOCK_SetDiv) refers to fsl_assert.o(i.__aeabi_assert) for __aeabi_assert
    clock_config.o(i.CLOCK_SetMux) refers to fsl_assert.o(i.__aeabi_assert) for __aeabi_assert
    pin_mux.o(i.BOARD_InitBootPins) refers to pin_mux.o(i.BOARD_InitPins) for BOARD_InitPins
    pin_mux.o(i.BOARD_InitPins) refers to pin_mux.o(i.CLOCK_EnableClock) for CLOCK_EnableClock
    pin_mux.o(i.BOARD_InitPins) refers to pin_mux.o(i.IOMUXC_SetPinMux) for IOMUXC_SetPinMux
    pin_mux.o(i.BOARD_InitPins) refers to pin_mux.o(i.IOMUXC_SetPinConfig) for IOMUXC_SetPinConfig
    pin_mux.o(i.CLOCK_EnableClock) refers to fsl_assert.o(i.__aeabi_assert) for __aeabi_assert
    generic_list.o(i.LIST_AddHead) refers to generic_list.o(i.DisableGlobalIRQ) for DisableGlobalIRQ
    generic_list.o(i.LIST_AddHead) refers to generic_list.o(i.EnableGlobalIRQ) for EnableGlobalIRQ
    generic_list.o(i.LIST_AddHead) refers to generic_list.o(i.LIST_Scan) for LIST_Scan
    generic_list.o(i.LIST_AddPrevElement) refers to generic_list.o(i.DisableGlobalIRQ) for DisableGlobalIRQ
    generic_list.o(i.LIST_AddPrevElement) refers to generic_list.o(i.EnableGlobalIRQ) for EnableGlobalIRQ
    generic_list.o(i.LIST_AddPrevElement) refers to generic_list.o(i.LIST_Scan) for LIST_Scan
    generic_list.o(i.LIST_AddTail) refers to generic_list.o(i.DisableGlobalIRQ) for DisableGlobalIRQ
    generic_list.o(i.LIST_AddTail) refers to generic_list.o(i.EnableGlobalIRQ) for EnableGlobalIRQ
    generic_list.o(i.LIST_AddTail) refers to generic_list.o(i.LIST_Scan) for LIST_Scan
    generic_list.o(i.LIST_RemoveElement) refers to generic_list.o(i.DisableGlobalIRQ) for DisableGlobalIRQ
    generic_list.o(i.LIST_RemoveElement) refers to generic_list.o(i.EnableGlobalIRQ) for EnableGlobalIRQ
    generic_list.o(i.LIST_RemoveHead) refers to generic_list.o(i.DisableGlobalIRQ) for DisableGlobalIRQ
    generic_list.o(i.LIST_RemoveHead) refers to generic_list.o(i.EnableGlobalIRQ) for EnableGlobalIRQ
[...]
    __rt_entry_postsh_1                      0x80000431   Thumb Code     0  __rtentry2.o(.ARM.Collect$$rtentry$$00000009)
    __rt_entry_main                          0x80000435   Thumb Code     0  __rtentry2.o(.ARM.Collect$$rtentry$$0000000D)
    __rt_entry_postli_1                      0x80000435   Thumb Code     0  __rtentry2.o(.ARM.Collect$$rtentry$$0000000C)
    __rt_exit                                0x80000441   Thumb Code     0  rtexit.o(.ARM.Collect$$rtexit$$00000000)
    __rt_exit_ls                             0x80000443   Thumb Code     0  rtexit2.o(.ARM.Collect$$rtexit$$00000003)
    __rt_exit_prels_1                        0x80000443   Thumb Code     0  rtexit2.o(.ARM.Collect$$rtexit$$00000002)
    __rt_exit_exit                           0x80000447   Thumb Code     0  rtexit2.o(.ARM.Collect$$rtexit$$00000004)
    __aeabi_uldivmod                         0x8000044d   Thumb Code     0  lludivv7m.o(.text)
    _ll_udiv                                 0x8000044d   Thumb Code   238  lludivv7m.o(.text)
    __aeabi_ldivmod                          0x8000053b   Thumb Code     0  llsdiv.o(.text)
    _ll_sdiv                                 0x8000053b   Thumb Code    72  llsdiv.o(.text)
    __2sprintf                               0x80000585   Thumb Code    38  __2sprintf.o(.text)
    _printf_pre_padding                      0x800005b1   Thumb Code    44  _printf_pad.o(.text)
    _printf_post_padding                     0x800005dd   Thumb Code    34  _printf_pad.o(.text)
    _printf_int_dec                          0x80000601   Thumb Code   104  _printf_dec.o(.text)
    __printf                                 0x80000679   Thumb Code   270  __printf_wp.o(.text)
    strlen                                   0x80000787   Thumb Code    62  strlen.o(.text)
    __aeabi_memclr4                          0x800007c5   Thumb Code     0  rt_memclr_w.o(.text)
    __aeabi_memclr8                          0x800007c5   Thumb Code     0  rt_memclr_w.o(.text)
    __rt_memclr_w                            0x800007c5   Thumb Code    78  rt_memclr_w.o(.text)
    _memset_w                                0x800007c9   Thumb Code     0  rt_memclr_w.o(.text)
    __read_errno                             0x80000813   Thumb Code    10  _rserrno.o(.text)
    __set_errno                              0x8000081d   Thumb Code    12  _rserrno.o(.text)
    _printf_int_common                       0x80000829   Thumb Code   178  _printf_intcommon.o(.text)
    __lib_sel_fp_printf                      0x800008db   Thumb Code     2  _printf_fp_dec.o(.text)
    _printf_fp_dec_real                      0x80000a8d   Thumb Code   620  _printf_fp_dec.o(.text)
    _printf_char_common                      0x80000d03   Thumb Code    32  _printf_char_common.o(.text)
    _sputc                                   0x80000d29   Thumb Code    10  _sputc.o(.text)
    __rt_locale                              0x80000d35   Thumb Code     8  rt_locale_intlibspace.o(.text)
    __aeabi_errno_addr                       0x80000d3d   Thumb Code     8  rt_errno_addr_intlibspace.o(.text)
    __errno$intlibspace                      0x80000d3d   Thumb Code     0  rt_errno_addr_intlibspace.o(.text)
    __rt_errno_addr$intlibspace              0x80000d3d   Thumb Code     0  rt_errno_addr_intlibspace.o(.text)
    _ll_udiv10                               0x80000d45   Thumb Code   138  lludiv10.o(.text)
    _printf_fp_infnan                        0x80000dd1   Thumb Code   112  _printf_fp_infnan.o(.text)
    _btod_etento                             0x80000e51   Thumb Code   224  bigflt0.o(.text)
    __I$use$semihosting                      0x80000f35   Thumb Code     0  use_no_semi.o(.text)
    __use_no_semihosting_swi                 0x80000f35   Thumb Code     2  use_no_semi.o(.text)
    __semihosting_library_function           0x80000f37   Thumb Code     0  indicate_semi.o(.text)
    exit                                     0x80000f37   Thumb Code    18  exit.o(.text)
    strcmp                                   0x80000f49   Thumb Code   104  strcmpv7m_pel.o(.text)
    _sys_exit                                0x80000fb1   Thumb Code     8  sys_exit.o(.text)
    _btod_d2e                                0x80000fbd   Thumb Code    62  btod.o(CL$$btod_d2e)
    _d2e_denorm_low                          0x80000ffb   Thumb Code    70  btod.o(CL$$btod_d2e_denorm_low)
    _d2e_norm_op1                            0x80001041   Thumb Code    96  btod.o(CL$$btod_d2e_norm_op1)
    __btod_div_common                        0x800010a1   Thumb Code   696  btod.o(CL$$btod_div_common)
    _e2e                                     0x800013d9   Thumb Code   220  btod.o(CL$$btod_e2e)
    _btod_ediv                               0x800014b5   Thumb Code    42  btod.o(CL$$btod_ediv)
    _btod_emul                               0x800014df   Thumb Code    42  btod.o(CL$$btod_emul)
    __btod_mult_common                       0x80001509   Thumb Code   580  btod.o(CL$$btod_mult_common)
    ADC_DoAutoCalibration                    0x8000174d   Thumb Code   166  fsl_adc.o(i.ADC_DoAutoCalibration)
    ADC_GetDefaultConfig                     0x80001875   Thumb Code    62  fsl_adc.o(i.ADC_GetDefaultConfig)
    ADC_Init                                 0x8000197d   Thumb Code   164  fsl_adc.o(i.ADC_Init)
    ADC_SetChannelConfig                     0x80001a65   Thumb Code    62  fsl_adc.o(i.ADC_SetChannelConfig)
    BOARD_BootClockRUN                       0x80001b1d   Thumb Code  1356  clock_config.o(i.BOARD_BootClockRUN)
    BOARD_ConfigMPU                          0x80002091   Thumb Code   816  board.o(i.BOARD_ConfigMPU)
    BOARD_DebugConsoleSrcFreq                0x800023f5   Thumb Code    92  board.o(i.BOARD_DebugConsoleSrcFreq)
    BOARD_InitDebugConsole                   0x8000246d   Thumb Code    24  board.o(i.BOARD_InitDebugConsole)
    BusFault_Handler                         0x80002485   Thumb Code     4  common.o(i.BusFault_Handler)
    CAN1_DriverIRQHandler                    0x80002489   Thumb Code    36  fsl_flexcan.o(i.CAN1_DriverIRQHandler)
    CAN2_DriverIRQHandler                    0x80002509   Thumb Code    36  fsl_flexcan.o(i.CAN2_DriverIRQHandler)
    CAN3_DriverIRQHandler                    0x80002589   Thumb Code    36  fsl_flexcan.o(i.CAN3_DriverIRQHandler)
    CLOCK_DeinitAudioPll                     0x80002921   Thumb Code    10  fsl_clock.o(i.CLOCK_DeinitAudioPll)
    CLOCK_DeinitEnetPll                      0x80002931   Thumb Code    10  fsl_clock.o(i.CLOCK_DeinitEnetPll)
    CLOCK_DeinitUsb2Pll                      0x80002941   Thumb Code     8  fsl_clock.o(i.CLOCK_DeinitUsb2Pll)
    CLOCK_DeinitVideoPll                     0x8000294d   Thumb Code    10  fsl_clock.o(i.CLOCK_DeinitVideoPll)
    CLOCK_GetAhbFreq                         0x80002b01   Thumb Code    22  fsl_clock.o(i.CLOCK_GetAhbFreq)
    CLOCK_GetFreq                            0x80002b3d   Thumb Code   274  fsl_clock.o(i.CLOCK_GetFreq)
    CLOCK_GetIpgFreq                         0x80002c69   Thumb Code    22  fsl_clock.o(i.CLOCK_GetIpgFreq)
    CLOCK_GetPerClkFreq                      0x80002ca5   Thumb Code    38  fsl_clock.o(i.CLOCK_GetPerClkFreq)
    CLOCK_GetPllFreq                         0x80002d99   Thumb Code   738  fsl_clock.o(i.CLOCK_GetPllFreq)
    CLOCK_GetSemcFreq                        0x800030d1   Thumb Code    66  fsl_clock.o(i.CLOCK_GetSemcFreq)
    CLOCK_GetSysPfdFreq                      0x80003119   Thumb Code   100  fsl_clock.o(i.CLOCK_GetSysPfdFreq)
    CLOCK_GetUsb1PfdFreq                     0x80003185   Thumb Code   100  fsl_clock.o(i.CLOCK_GetUsb1PfdFreq)
    CLOCK_InitArmPll                         0x800031f1   Thumb Code    82  fsl_clock.o(i.CLOCK_InitArmPll)
    CLOCK_InitExternalClk                    0x80003249   Thumb Code    76  fsl_clock.o(i.CLOCK_InitExternalClk)
    CLOCK_InitRcOsc24M                       0x800032e1   Thumb Code    16  fsl_clock.o(i.CLOCK_InitRcOsc24M)
    CLOCK_SwitchOsc                          0x80003491   Thumb Code    20  fsl_clock.o(i.CLOCK_SwitchOsc)
    CSI_DriverIRQHandler                     0x800034a9   Thumb Code    16  fsl_csi.o(i.CSI_DriverIRQHandler)
    CSI_IRQHandler                           0x800034c5   Thumb Code    24  isr.o(i.CSI_IRQHandler)
    DMA0_DMA16_DriverIRQHandler              0x800037e1   Thumb Code    48  fsl_edma.o(i.DMA0_DMA16_DriverIRQHandler)
    DMA10_DMA26_DriverIRQHandler             0x80003819   Thumb Code    48  fsl_edma.o(i.DMA10_DMA26_DriverIRQHandler)
    DMA11_DMA27_DriverIRQHandler             0x80003851   Thumb Code    48  fsl_edma.o(i.DMA11_DMA27_DriverIRQHandler)
    DMA12_DMA28_DriverIRQHandler             0x80003889   Thumb Code    48  fsl_edma.o(i.DMA12_DMA28_DriverIRQHandler)
    DMA13_DMA29_DriverIRQHandler             0x800038c1   Thumb Code    48  fsl_edma.o(i.DMA13_DMA29_DriverIRQHandler)
    DMA14_DMA30_DriverIRQHandler             0x800038f9   Thumb Code    48  fsl_edma.o(i.DMA14_DMA30_DriverIRQHandler)
    DMA15_DMA31_DriverIRQHandler             0x80003931   Thumb Code    48  fsl_edma.o(i.DMA15_DMA31_DriverIRQHandler)
    DMA1_DMA17_DriverIRQHandler              0x80003969   Thumb Code    48  fsl_edma.o(i.DMA1_DMA17_DriverIRQHandler)
    DMA2_DMA18_DriverIRQHandler              0x800039a1   Thumb Code    48  fsl_edma.o(i.DMA2_DMA18_DriverIRQHandler)
    DMA3_DMA19_DriverIRQHandler              0x800039d9   Thumb Code    48  fsl_edma.o(i.DMA3_DMA19_DriverIRQHandler)
    DMA4_DMA20_DriverIRQHandler              0x80003a11   Thumb Code    48  fsl_edma.o(i.DMA4_DMA20_DriverIRQHandler)
    DMA5_DMA21_DriverIRQHandler              0x80003a49   Thumb Code    48  fsl_edma.o(i.DMA5_DMA21_DriverIRQHandler)
    DMA6_DMA22_DriverIRQHandler              0x80003a81   Thumb Code    48  fsl_edma.o(i.DMA6_DMA22_DriverIRQHandler)
    DMA7_DMA23_DriverIRQHandler              0x80003ab9   Thumb Code    48  fsl_edma.o(i.DMA7_DMA23_DriverIRQHandler)
    DMA8_DMA24_DriverIRQHandler              0x80003af1   Thumb Code    48  fsl_edma.o(i.DMA8_DMA24_DriverIRQHandler)
    DMA9_DMA25_DriverIRQHandler              0x80003b29   Thumb Code    48  fsl_edma.o(i.DMA9_DMA25_DriverIRQHandler)
    DbgConsole_Init                          0x80003b61   Thumb Code   190  fsl_debug_console.o(i.DbgConsole_Init)
    DbgConsole_Printf                        0x80003c99   Thumb Code    70  fsl_debug_console.o(i.DbgConsole_Printf)
    DbgConsole_SendDataReliable              0x80003ce9   Thumb Code    76  fsl_debug_console.o(i.DbgConsole_SendDataReliable)
    DebugMon_Handler                         0x80003d59   Thumb Code     4  common.o(i.DebugMon_Handler)
    EDMA_GetChannelStatusFlags               0x80003d69   Thumb Code    70  fsl_edma.o(i.EDMA_GetChannelStatusFlags)
    EDMA_HandleIRQ                           0x80003e15   Thumb Code   210  fsl_edma.o(i.EDMA_HandleIRQ)
    ENET2_DriverIRQHandler                   0x80003f29   Thumb Code    10  fsl_enet.o(i.ENET2_DriverIRQHandler)
    ENET_1588_Timer_IRQHandler               0x80003f39   Thumb Code    16  fsl_enet.o(i.ENET_1588_Timer_IRQHandler)
    ENET_CommonFrame0IRQHandler              0x80003f55   Thumb Code    96  fsl_enet.o(i.ENET_CommonFrame0IRQHandler)
    ENET_DriverIRQHandler                    0x80003fcd   Thumb Code    10  fsl_enet.o(i.ENET_DriverIRQHandler)
    ENET_GetInstance                         0x80003fdd   Thumb Code    50  fsl_enet.o(i.ENET_GetInstance)
    FLEXIO1_DriverIRQHandler                 0x80004073   Thumb Code     8  fsl_flexio.o(i.FLEXIO1_DriverIRQHandler)
    FLEXIO2_DriverIRQHandler                 0x8000407b   Thumb Code     8  fsl_flexio.o(i.FLEXIO2_DriverIRQHandler)
    FLEXIO3_DriverIRQHandler                 0x80004083   Thumb Code     8  fsl_flexio.o(i.FLEXIO3_DriverIRQHandler)
    FLEXIO_CAMERA_ClearStatusFlags           0x8000408b   Thumb Code    62  fsl_flexio_camera.o(i.FLEXIO_CAMERA_ClearStatusFlags)
    FLEXIO_CommonIRQHandler                  0x800040cd   Thumb Code    44  fsl_flexio.o(i.FLEXIO_CommonIRQHandler)
    GPIO2_Combined_0_15_IRQHandler           0x80004105   Thumb Code    56  isr.o(i.GPIO2_Combined_0_15_IRQHandler)
    GPIO2_Combined_16_31_IRQHandler          0x80004145   Thumb Code    36  isr.o(i.GPIO2_Combined_16_31_IRQHandler)
    GPIO3_Combined_0_15_IRQHandler           0x8000416d   Thumb Code    62  fsl_sdmmc_host.o(i.GPIO3_Combined_0_15_IRQHandler)
    GPIO_PinInit                             0x80004251   Thumb Code   110  fsl_gpio.o(i.GPIO_PinInit)
    GPIO_PinSetInterruptConfig               0x80004321   Thumb Code   138  fsl_gpio.o(i.GPIO_PinSetInterruptConfig)
    GPIO_PinWrite                            0x800043ad   Thumb Code    50  fsl_gpio.o(i.GPIO_PinWrite)
    GPT_Deinit                               0x80004431   Thumb Code    32  fsl_gpt.o(i.GPT_Deinit)
    GPT_GetDefaultConfig                     0x80004455   Thumb Code    52  fsl_gpt.o(i.GPT_GetDefaultConfig)
    GPT_Init                                 0x80004551   Thumb Code   234  fsl_gpt.o(i.GPT_Init)
    HAL_UartInit                             0x80004771   Thumb Code   206  lpuart_adapter.o(i.HAL_UartInit)
    HAL_UartSendBlocking                     0x800048c1   Thumb Code    82  lpuart_adapter.o(i.HAL_UartSendBlocking)
    HardFault_Handler                        0x80004971   Thumb Code     4  common.o(i.HardFault_Handler)
    KEY_Scan                                 0x8000499d   Thumb Code   110  zlh_key.o(i.KEY_Scan)
    LPI2C1_DriverIRQHandler                  0x80004a1d   Thumb Code    12  fsl_lpi2c.o(i.LPI2C1_DriverIRQHandler)
    LPI2C2_DriverIRQHandler                  0x80004a2d   Thumb Code    12  fsl_lpi2c.o(i.LPI2C2_DriverIRQHandler)
    LPI2C3_DriverIRQHandler                  0x80004a3d   Thumb Code    12  fsl_lpi2c.o(i.LPI2C3_DriverIRQHandler)
    LPI2C4_DriverIRQHandler                  0x80004a4d   Thumb Code    12  fsl_lpi2c.o(i.LPI2C4_DriverIRQHandler)
    LPSPI1_DriverIRQHandler                  0x80004ab1   Thumb Code    34  fsl_lpspi.o(i.LPSPI1_DriverIRQHandler)
    LPSPI2_DriverIRQHandler                  0x80004b25   Thumb Code    34  fsl_lpspi.o(i.LPSPI2_DriverIRQHandler)
    LPSPI3_DriverIRQHandler                  0x80004b99   Thumb Code    34  fsl_lpspi.o(i.LPSPI3_DriverIRQHandler)
    LPSPI4_DriverIRQHandler                  0x80004c0d   Thumb Code    34  fsl_lpspi.o(i.LPSPI4_DriverIRQHandler)
    LPUART1_DriverIRQHandler                 0x80004cb1   Thumb Code    16  fsl_lpuart.o(i.LPUART1_DriverIRQHandler)
    LPUART2_DriverIRQHandler                 0x80004ccd   Thumb Code    16  fsl_lpuart.o(i.LPUART2_DriverIRQHandler)
    LPUART3_DriverIRQHandler                 0x80004ce9   Thumb Code    16  fsl_lpuart.o(i.LPUART3_DriverIRQHandler)
    LPUART4_DriverIRQHandler                 0x80004d05   Thumb Code    16  fsl_lpuart.o(i.LPUART4_DriverIRQHandler)
    LPUART5_DriverIRQHandler                 0x80004d21   Thumb Code    16  fsl_lpuart.o(i.LPUART5_DriverIRQHandler)
    LPUART6_DriverIRQHandler                 0x80004d3d   Thumb Code    16  fsl_lpuart.o(i.LPUART6_DriverIRQHandler)
    LPUART7_DriverIRQHandler                 0x80004d59   Thumb Code    16  fsl_lpuart.o(i.LPUART7_DriverIRQHandler)
    LPUART8_DriverIRQHandler                 0x80004d75   Thumb Code    16  fsl_lpuart.o(i.LPUART8_DriverIRQHandler)
    LPUART_Deinit                            0x80004d91   Thumb Code    78  fsl_lpuart.o(i.LPUART_Deinit)
    LPUART_DisableInterrupts                 0x80004de9   Thumb Code    44  fsl_lpuart.o(i.LPUART_DisableInterrupts)
    LPUART_EnableInterrupts                  0x80004e15   Thumb Code    44  fsl_lpuart.o(i.LPUART_EnableInterrupts)
    LPUART_GetDefaultConfig                  0x80004e41   Thumb Code    66  fsl_lpuart.o(i.LPUART_GetDefaultConfig)
    LPUART_GetEnabledInterrupts              0x80004ec9   Thumb Code    28  fsl_lpuart.o(i.LPUART_GetEnabledInterrupts)
    LPUART_GetInstance                       0x80004ee9   Thumb Code    48  fsl_lpuart.o(i.LPUART_GetInstance)
    LPUART_GetStatusFlags                    0x80004f79   Thumb Code    16  fsl_lpuart.o(i.LPUART_GetStatusFlags)
    LPUART_Init                              0x80004f89   Thumb Code   556  fsl_lpuart.o(i.LPUART_Init)
    LPUART_TransferCreateHandle              0x800052c1   Thumb Code   156  fsl_lpuart.o(i.LPUART_TransferCreateHandle)
    LPUART_TransferGetRxRingBufferLength     0x800053b1   Thumb Code    50  fsl_lpuart.o(i.LPUART_TransferGetRxRingBufferLength)
    LPUART_TransferHandleIRQ                 0x80005429   Thumb Code   636  fsl_lpuart.o(i.LPUART_TransferHandleIRQ)
    LPUART_WriteBlocking                     0x80005761   Thumb Code    72  fsl_lpuart.o(i.LPUART_WriteBlocking)
    MemManage_Handler                        0x8000585d   Thumb Code     4  common.o(i.MemManage_Handler)
    NMI_Handler                              0x80005861   Thumb Code     4  common.o(i.NMI_Handler)
    PIT_Deinit                               0x80005871   Thumb Code    36  fsl_pit.o(i.PIT_Deinit)
    PIT_IRQHandler                           0x80005935   Thumb Code   120  isr.o(i.PIT_IRQHandler)
    PIT_Init                                 0x800059c1   Thumb Code   112  fsl_pit.o(i.PIT_Init)
    PWM_Deinit                               0x80005ad5   Thumb Code    52  fsl_pwm.o(i.PWM_Deinit)
    PWM_GetDefaultConfig                     0x80005b19   Thumb Code    48  fsl_pwm.o(i.PWM_GetDefaultConfig)
    PWM_Init                                 0x80005c09   Thumb Code   396  fsl_pwm.o(i.PWM_Init)
    PWM_SetupPwm                             0x80005e01   Thumb Code   890  fsl_pwm.o(i.PWM_SetupPwm)
    PWM_UpdatePwmDutycycle                   0x80006229   Thumb Code   576  fsl_pwm.o(i.PWM_UpdatePwmDutycycle)
    PendSV_Handler                           0x800064e1   Thumb Code     4  common.o(i.PendSV_Handler)
    QTMR_Deinit                              0x800064e5   Thumb Code    46  fsl_qtmr.o(i.QTMR_Deinit)
    QTMR_GetDefaultConfig                    0x80006519   Thumb Code    46  fsl_qtmr.o(i.QTMR_GetDefaultConfig)
    QTMR_Init                                0x80006611   Thumb Code   154  fsl_qtmr.o(i.QTMR_Init)
    SAI1_DriverIRQHandler                    0x800066f1   Thumb Code    68  fsl_sai.o(i.SAI1_DriverIRQHandler)
    SAI2_DriverIRQHandler                    0x80006745   Thumb Code    68  fsl_sai.o(i.SAI2_DriverIRQHandler)
    SAI3_RX_DriverIRQHandler                 0x80006799   Thumb Code    36  fsl_sai.o(i.SAI3_RX_DriverIRQHandler)
    SAI3_TX_DriverIRQHandler                 0x80006815   Thumb Code    36  fsl_sai.o(i.SAI3_TX_DriverIRQHandler)
    SDMMCEVENT_Notify                        0x800068ed   Thumb Code    24  fsl_sdmmc_event.o(i.SDMMCEVENT_Notify)
    SPDIF_DriverIRQHandler                   0x8000693d   Thumb Code    52  fsl_spdif.o(i.SPDIF_DriverIRQHandler)
    SVC_Handler                              0x80006981   Thumb Code     4  common.o(i.SVC_Handler)
    SerialManager_Init                       0x80006985   Thumb Code    90  serial_manager.o(i.SerialManager_Init)
    SerialManager_OpenReadHandle             0x800069fd   Thumb Code    86  serial_manager.o(i.SerialManager_OpenReadHandle)
    SerialManager_OpenWriteHandle            0x80006a75   Thumb Code    74  serial_manager.o(i.SerialManager_OpenWriteHandle)
    SerialManager_WriteBlocking              0x80006ba1   Thumb Code    20  serial_manager.o(i.SerialManager_WriteBlocking)
    Serial_UartInit                          0x80006bb5   Thumb Code   102  serial_port_uart.o(i.Serial_UartInit)
    Serial_UartWrite                         0x80006c41   Thumb Code    74  serial_port_uart.o(i.Serial_UartWrite)
    StrFormatPrintf                          0x80006cb1   Thumb Code  1588  fsl_str.o(i.StrFormatPrintf)
    SysTick_Handler                          0x800072e5   Thumb Code    12  fsl_sdmmc_event.o(i.SysTick_Handler)
    USB_DeviceEhciIsrFunction                0x80007817   Thumb Code    88  usb_device_ehci.o(i.USB_DeviceEhciIsrFunction)
    USB_DeviceNotificationTrigger            0x8000791b   Thumb Code    40  usb_device_dci.o(i.USB_DeviceNotificationTrigger)
    USB_OTG1_IRQHandler                      0x800079a9   Thumb Code    12  zf_usb_cdc.o(i.USB_OTG1_IRQHandler)
    USB_OTG2_IRQHandler                      0x800079b9   Thumb Code    12  zf_usb_cdc.o(i.USB_OTG2_IRQHandler)
    USDHC1_DriverIRQHandler                  0x800079c9   Thumb Code    18  fsl_usdhc.o(i.USDHC1_DriverIRQHandler)
    USDHC2_DriverIRQHandler                  0x800079e9   Thumb Code    18  fsl_usdhc.o(i.USDHC2_DriverIRQHandler)
    UsageFault_Handler                       0x80007a09   Thumb Code     4  common.o(i.UsageFault_Handler)
    __ARM_fpclassify                         0x80007a0d   Thumb Code    48  fpclassify.o(i.__ARM_fpclassify)
    __aeabi_assert                           0x80007a65   Thumb Code    24  fsl_assert.o(i.__aeabi_assert)
    __hardfp_modf                            0x80007aa9   Thumb Code   186  modf.o(i.__hardfp_modf)
    __hardfp_pow                             0x80007b69   Thumb Code  2140  pow.o(i.__hardfp_pow)
    __kernel_poly                            0x80008461   Thumb Code   112  poly.o(i.__kernel_poly)
    __mathlib_dbl_divzero                    0x800084d1   Thumb Code    14  dunder.o(i.__mathlib_dbl_divzero)
    __mathlib_dbl_infnan2                    0x800084f1   Thumb Code     6  dunder.o(i.__mathlib_dbl_infnan2)
    __mathlib_dbl_invalid                    0x800084f9   Thumb Code    10  dunder.o(i.__mathlib_dbl_invalid)
    __mathlib_dbl_overflow                   0x80008511   Thumb Code    10  dunder.o(i.__mathlib_dbl_overflow)
    __mathlib_dbl_underflow                  0x80008529   Thumb Code    10  dunder.o(i.__mathlib_dbl_underflow)
    _is_digit                                0x80008541   Thumb Code    14  __printf_wp.o(i._is_digit)
    adcDeviation                             0x80008551   Thumb Code    76  zlh_adcget.o(i.adcDeviation)
    adc_convert                              0x800085a5   Thumb Code   116  zf_adc.o(i.adc_convert)
    adc_init                                 0x80008685   Thumb Code    60  zf_adc.o(i.adc_init)
    adc_iomuxc                               0x800086f5   Thumb Code   324  zf_adc.o(i.adc_iomuxc)
    board_init                               0x80008869   Thumb Code    58  board.o(i.board_init)
    carSpeed                                 0x800088ad   Thumb Code   104  zlh_elma.o(i.carSpeed)
    checkTag_50ms                            0x80008915   Thumb Code    20  isr.o(i.checkTag_50ms)
    checkTag_5ms                             0x8000892d   Thumb Code    20  isr.o(i.checkTag_5ms)
    checkUartData                            0x80008945   Thumb Code   616  main.o(i.checkUartData)
    dgControl                                0x80008c41   Thumb Code    38  zlh_dgcontrol.o(i.dgControl)
    dgInit                                   0x80008c67   Thumb Code    16  zlh_dgcontrol.o(i.dgInit)
    dma_restart                              0x80008c79   Thumb Code    20  zf_camera.o(i.dma_restart)
    elmaInit                                 0x80008c95   Thumb Code    60  zlh_elma.o(i.elmaInit)
    encoderInit                              0x80008cd1   Thumb Code    24  zlh_encoder.o(i.encoderInit)
    encoderValue                             0x80008ce9   Thumb Code    48  zlh_encoder.o(i.encoderValue)
    example_uart_callback                    0x80008d19   Thumb Code    54  main.o(i.example_uart_callback)
    fabs                                     0x80008d65   Thumb Code    24  fabs.o(i.fabs)
    flexio_flag_clear                        0x80008d7d   Thumb Code    12  zf_camera.o(i.flexio_flag_clear)
    getAdcValue                              0x80008d8d   Thumb Code   116  zlh_adcget.o(i.getAdcValue)
    getKey                                   0x80008e05   Thumb Code    96  zlh_key.o(i.getKey)
    gpio_get                                 0x80008e81   Thumb Code    50  zf_gpio.o(i.gpio_get)
    gpio_init                                0x80008ef5   Thumb Code    82  zf_gpio.o(i.gpio_init)
    gpio_set                                 0x80008f4d   Thumb Code    56  zf_gpio.o(i.gpio_set)
    gpio_toggle                              0x80008f89   Thumb Code    28  zf_gpio.o(i.gpio_toggle)
    gpt_init                                 0x80008fa9   Thumb Code    86  zf_systick.o(i.gpt_init)
    iomuxc_pinconf                           0x80009061   Thumb Code 23748  zf_iomuxc.o(i.iomuxc_pinconf)
    keyInit                                  0x8000ed3d   Thumb Code    46  zlh_key.o(i.keyInit)
    main                                     0x8000ed6d   Thumb Code   516  main.o(i.main)
    mt9v03x_vsync                            0x8000effd   Thumb Code    24  seekfree_mt9v03x.o(i.mt9v03x_vsync)
    myAdcInit                                0x8000f01d   Thumb Code    54  zlh_adcget.o(i.myAdcInit)
    oled_fill                                0x8000f053   Thumb Code    58  seekfree_oled.o(i.oled_fill)
    oled_init                                0x8000f08d   Thumb Code   286  seekfree_oled.o(i.oled_init)
    oled_p6x8str                             0x8000f1ad   Thumb Code    96  seekfree_oled.o(i.oled_p6x8str)
    oled_set_pos                             0x8000f211   Thumb Code    68  seekfree_oled.o(i.oled_set_pos)
    oled_wrcmd                               0x8000f2a5   Thumb Code    96  seekfree_oled.o(i.oled_wrcmd)
    oled_wrdat                               0x8000f305   Thumb Code    96  seekfree_oled.o(i.oled_wrdat)
    pidInit                                  0x8000f365   Thumb Code    38  zlh_pid.o(i.pidInit)
    pidOut                                   0x8000f391   Thumb Code   152  zlh_pid.o(i.pidOut)
    pit_init                                 0x8000f435   Thumb Code    48  zf_pit.o(i.pit_init)
    pit_interrupt                            0x8000f4a9   Thumb Code   102  zf_pit.o(i.pit_interrupt)
    prospectiveControl                       0x8000f515   Thumb Code   294  main.o(i.prospectiveControl)
    pwm_duty                                 0x8000f675   Thumb Code   122  zf_pwm.o(i.pwm_duty)
    pwm_init                                 0x8000f6f5   Thumb Code   410  zf_pwm.o(i.pwm_init)
    pwm_iomuxc                               0x8000f8c5   Thumb Code  1210  zf_pwm.o(i.pwm_iomuxc)
    qtimer_iomuxc                            0x8000fdb1   Thumb Code  1332  zf_qtimer.o(i.qtimer_iomuxc)
    qtimer_quad_clear                        0x800102e5   Thumb Code    36  zf_qtimer.o(i.qtimer_quad_clear)
    qtimer_quad_get                          0x8001030d   Thumb Code    40  zf_qtimer.o(i.qtimer_quad_get)
    qtimer_quad_init                         0x80010339   Thumb Code   160  zf_qtimer.o(i.qtimer_quad_init)
    scc8660_vsync                            0x800103dd   Thumb Code    60  seekfree_scc8660.o(i.scc8660_vsync)
    sqrt                                     0x80010429   Thumb Code   106  sqrt.o(i.sqrt)
    systick_delay                            0x80010495   Thumb Code    62  zf_systick.o(i.systick_delay)
    systick_delay_ms                         0x800104d9   Thumb Code    56  zf_systick.o(i.systick_delay_ms)
    uart_init                                0x80010511   Thumb Code    92  zf_uart.o(i.uart_init)
    uart_iomuxc                              0x80010571   Thumb Code   674  zf_uart.o(i.uart_iomuxc)
    uart_putbuff                             0x80010849   Thumb Code    24  zf_uart.o(i.uart_putbuff)
    uart_rx_irq                              0x80010865   Thumb Code    40  zf_uart.o(i.uart_rx_irq)
    uart_set_handle                          0x80010891   Thumb Code    54  zf_uart.o(i.uart_set_handle)
    _get_lc_numeric                          0x800108cd   Thumb Code    44  lc_numeric_c.o(locale$$code)
    __fpl_dcheck_NaN1                        0x800108f9   Thumb Code    10  dcheck1.o(x$fpl$dcheck1)
    __aeabi_l2d                              0x80010909   Thumb Code     0  dfltll_clz.o(x$fpl$dfltll)
    _ll_sto_d                                0x80010909   Thumb Code   162  dfltll_clz.o(x$fpl$dfltll)
    __fpl_dnaninf                            0x800109ab   Thumb Code   156  dnaninf.o(x$fpl$dnaninf)
    _fp_init                                 0x80010a47   Thumb Code    10  fpinit.o(x$fpl$fpinit)
    __fplib_config_fpu_vfp                   0x80010a4f   Thumb Code     0  fpinit.o(x$fpl$fpinit)
    __fplib_config_pureend_doubles           0x80010a4f   Thumb Code     0  fpinit.o(x$fpl$fpinit)
    __aeabi_d2lz                             0x80010a51   Thumb Code     0  dfixll.o(x$fpl$llsfromd)
    _ll_sfrom_d                              0x80010a51   Thumb Code   194  dfixll.o(x$fpl$llsfromd)
    _printf_fp_dec                           0x80010b13   Thumb Code     4  printf1.o(x$fpl$printf1)
    __fpl_return_NaN                         0x80010b17   Thumb Code   100  retnan.o(x$fpl$retnan)
    __ARM_scalbn                             0x80010b7b   Thumb Code    92  scalbn.o(x$fpl$scalbn)
    __fpl_cmpreturn                          0x80010bd7   Thumb Code    48  trapv.o(x$fpl$trapveneer)
    __I$use$fp                               0x80010c06   Number         0  usenofp.o(x$fpl$usenofp)
    armPllConfig_BOARD_BootClockRUN          0x80010c08   Data           8  clock_config.o(.constdata)
    sysPllConfig_BOARD_BootClockRUN          0x80010c10   Data          20  clock_config.o(.constdata)
    usb1PllConfig_BOARD_BootClockRUN         0x80010c24   Data           2  clock_config.o(.constdata)
    s_enetClock                              0x80010c70   Data           6  fsl_enet.o(.constdata)
    tft_ascii                                0x80010da0   Data        1520  seekfree_font.o(.constdata)
    gImage_qq                                0x80011390   Data        3200  seekfree_font.o(.constdata)
    chinese_test                             0x80012010   Data         128  seekfree_font.o(.constdata)
    oled_6x8                                 0x80012090   Data         552  seekfree_font.o(.constdata)
    oled_8x16                                0x800122b8   Data        1520  seekfree_font.o(.constdata)
    oled_16x16_chinese                       0x800128a8   Data         128  seekfree_font.o(.constdata)
    __mathlib_zero                           0x800129c0   Data           8  qnan.o(.constdata)



==============================================================================

Memory Map of the image

  Image Entry point : 0x70002401

  Load Region LR_m_rom_config (Base: 0x70000000, Size: 0x00000200, Max: 0x00001000, ABSOLUTE)

    Execution Region RW_m_config_text (Exec base: 0x70000000, Load base: 0x70000000, Size: 0x00000200, Max: 0x00001000, ABSOLUTE)

    Exec Addr    Load Addr    Size         Type   Attr      Idx    E Section Name        Object

    0x70000000   0x70000000   0x00000200   Data   RO        15485    .boot_hdr.conf      evkmimxrt1064_flexspi_nor_config.o



  Load Region LR_m_rom_ivt (Base: 0x70001000, Size: 0x00000460, Max: 0x00001000, ABSOLUTE)

    Execution Region RW_m_ivt_text (Exec base: 0x70001000, Load base: 0x70001000, Size: 0x00000460, Max: 0x00001000, ABSOLUTE)

    Exec Addr    Load Addr    Size         Type   Attr      Idx    E Section Name        Object

    0x70001000   0x70001000   0x00000020   Data   RO        15522    .boot_hdr.ivt       fsl_flexspi_nor_boot.o
    0x70001020   0x70001020   0x00000010   Data   RO        15521    .boot_hdr.boot_data  fsl_flexspi_nor_boot.o
    0x70001030   0x70001030   0x00000430   Data   RO        15506    .boot_hdr.dcd_data  evkmimxrt1064_sdram_ini_dcd.o



  Load Region LR_m_text (Base: 0x70002000, Size: 0x0001321c, Max: 0x703ffc00, ABSOLUTE)

    Execution Region ITCM_ncache (Exec base: 0x00000000, Load base: 0x7001521c, Size: 0x00000000, Max: 0x00010000, ABSOLUTE)

    **** No section assigned to this execution region ****


    Execution Region RW_m_data (Exec base: 0x20000000, Load base: 0x70015174, Size: 0x00005fcc, Max: 0x0006ec00, ABSOLUTE)

    Exec Addr    Load Addr    Size         Type   Attr      Idx    E Section Name        Object

    0x20000000   0x70015174   0x00000004   Data   RW          864    .data               system_mimxrt1064.o
    0x20000004   0x70015178   0x0000000c   Data   RW        10772    .data               zf_adc.o
    0x20000010   0x70015184   0x00000028   Data   RW        11080    .data               zf_gpio.o
    0x20000038   0x700151ac   0x00000014   Data   RW        11390    .data               zf_pwm.o
    0x2000004c   0x700151c0   0x00000014   Data   RW        11448    .data               zf_qtimer.o
    0x20000060   0x700151d4   0x00000024   Data   RW        12059    .data               zf_uart.o
    0x20000084   0x700151f8   0x00000001   Data   RW        15110    .data               zlh_key.o
    0x20000085   0x700151f9   0x00000003   PAD
    0x20000088   0x700151fc   0x00000020   Data   RW        15222    .data               main.o
    0x200000a8        -       0x00000008   Zero   RW         1365    .bss                fsl_clock.o
    0x200000b0        -       0x00000008   Zero   RW         1752    .bss                fsl_csi.o
    0x200000b8        -       0x00000081   Zero   RW         2353    .bss                fsl_edma.o
    0x20000139   0x7001521c   0x00000003   PAD
    0x2000013c        -       0x0000001c   Zero   RW         2885    .bss                fsl_enet.o
    0x20000158        -       0x00000014   Zero   RW         3210    .bss                fsl_flexcan.o
    0x2000016c        -       0x00000018   Zero   RW         3575    .bss                fsl_flexio.o
    0x20000184        -       0x00000030   Zero   RW         5333    .bss                fsl_lpi2c.o
    0x200001b4        -       0x00000021   Zero   RW         5720    .bss                fsl_lpspi.o
    0x200001d5   0x7001521c   0x00000003   PAD
    0x200001d8        -       0x00000028   Zero   RW         6148    .bss                fsl_lpuart.o
    0x20000200        -       0x00000028   Zero   RW         7007    .bss                fsl_sai.o
    0x20000228        -       0x00000010   Zero   RW         7985    .bss                fsl_spdif.o
    0x20000238        -       0x00000010   Zero   RW         8523    .bss                fsl_usdhc.o
    0x20000248        -       0x0000000c   Zero   RW         9568    .bss                fsl_sdmmc_event.o
    0x20000254        -       0x00000034   Zero   RW         9658    .bss                fsl_sdmmc_host.o
    0x20000288        -       0x00000058   Zero   RW        10835    .bss                zf_camera.o
    0x200002e0        -       0x00000001   Zero   RW        11980    .bss                zf_systick.o
    0x200002e1        -       0x00000001   Zero   RW        12151    .bss                common.o
    0x200002e2   0x7001521c   0x00000002   PAD
    0x200002e4        -       0x00000238   Zero   RW        12256    .bss                zf_usb_cdc.o
    0x2000051c        -       0x00000041   Zero   RW        13618    .bss                seekfree_scc8660.o
    0x2000055d        -       0x0000000e   Zero   RW        14806    .bss                isr.o
    0x2000056b        -       0x0000000c   Zero   RW        14985    .bss                zlh_adcget.o
    0x20000577        -       0x00000007   Zero   RW        15109    .bss                zlh_key.o
    0x2000057e   0x7001521c   0x00000002   PAD
    0x20000580        -       0x000001a8   Zero   RW        15221    .bss                main.o
    0x20000728        -       0x00000024   Zero   RW        15329    .bss                fsl_debug_console.o
    0x2000074c        -       0x00000060   Zero   RW        15832    .bss                c_w.l(libspace.o)
    0x200007ac        -       0x00005820   Zero   RW        13453    NonCacheable        seekfree_mt9v03x.o


    Execution Region ARM_LIB_HEAP (Exec base: 0x20005fcc, Load base: 0x7001521c, Size: 0x00000400, Max: 0x00000400, ABSOLUTE)

    Exec Addr    Load Addr    Size         Type   Attr      Idx    E Section Name        Object

    0x20005fcc        -       0x00000400   Zero   RW            2    ARM_LIB_HEAP.bss    anon$$obj.o


    Execution Region ARM_LIB_STACK (Exec base: 0x2006f000, Load base: 0x7001521c, Size: 0x00001000, Max: 0x00001000, ABSOLUTE)

    Exec Addr    Load Addr    Size         Type   Attr      Idx    E Section Name        Object

    0x2006f000        -       0x00001000   Zero   RW            3    ARM_LIB_STACK.bss   anon$$obj.o


    Execution Region OCRAM_cache (Exec base: 0x20200000, Load base: 0x7001521c, Size: 0x00012c00, Max: 0x00080000, ABSOLUTE)

    Exec Addr    Load Addr    Size         Type   Attr      Idx    E Section Name        Object

    0x20200000        -       0x00012c00   Zero   RW        13620    OCRAM_CACHE         seekfree_scc8660.o


    Execution Region VECTOR_ROM (Exec base: 0x70002000, Load base: 0x70002000, Size: 0x00000400, Max: 0x00000400, ABSOLUTE)

    Exec Addr    Load Addr    Size         Type   Attr      Idx    E Section Name        Object

    0x70002000   0x70002000   0x00000400   Data   RO        14152    RESET               startup_mimxrt1064.o


    Execution Region ER_m_text (Exec base: 0x70002400, Load base: 0x70002400, Size: 0x0000053c, Max: 0x003fdc00, ABSOLUTE)

    Exec Addr    Load Addr    Size         Type   Attr      Idx    E Section Name        Object

    0x70002400   0x70002400   0x00000008   Code   RO        15657  * !!!main             c_w.l(__main.o)
    0x70002408   0x70002408   0x00000034   Code   RO        16085    !!!scatter          c_w.l(__scatter.o)
    0x7000243c   0x7000243c   0x0000001a   Code   RO        16087    !!handler_copy      c_w.l(__scatter_copy.o)
    0x70002456   0x70002456   0x00000002   PAD
    0x70002458   0x70002458   0x0000001c   Code   RO        16089    !!handler_zi        c_w.l(__scatter_zi.o)
    0x70002474   0x70002474   0x00000224   Code   RO        14153    .text               startup_mimxrt1064.o
    0x70002698   0x70002698   0x0000000a   Ven    RO        16091    Veneer$$Code        anon$$obj.o
    0x700026a2   0x700026a2   0x00000002   PAD
    0x700026a4   0x700026a4   0x00000254   Code   RO          862    i.SystemInit        system_mimxrt1064.o
    0x700028f8   0x700028f8   0x00000002   Code   RO          863    i.SystemInitHook    system_mimxrt1064.o
    0x700028fa   0x700028fa   0x00000002   PAD
    0x700028fc   0x700028fc   0x00000040   Data   RO        16083    Region$$Table       anon$$obj.o


    Execution Region VECTOR_RAM (Exec base: 0x80000000, Load base: 0x7000293c, Size: 0x00000400, Max: 0x00000400, ABSOLUTE)

    Exec Addr    Load Addr    Size         Type   Attr      Idx    E Section Name        Object

    0x80000000        -       0x00000400   Zero   RW            1    VECTOR_RAM.bss      anon$$obj.o


    Execution Region ER_m_ram_text (Exec base: 0x80000400, Load base: 0x7000293c, Size: 0x00012838, Max: 0x01dfdc00, ABSOLUTE)

    Exec Addr    Load Addr    Size         Type   Attr      Idx    E Section Name        Object

    0x80000400   0x7000293c   0x00000000   Code   RO        15646    .ARM.Collect$$_printf_percent$$00000000  c_w.l(_printf_percent.o)
    0x80000400   0x7000293c   0x00000006   Code   RO        15645    .ARM.Collect$$_printf_percent$$00000003  c_w.l(_printf_f.o)
    0x80000406   0x70002942   0x00000006   Code   RO        15644    .ARM.Collect$$_printf_percent$$00000009  c_w.l(_printf_d.o)
    0x8000040c   0x70002948   0x00000004   Code   RO        15737    .ARM.Collect$$_printf_percent$$00000017  c_w.l(_printf_percent_end.o)
    0x80000410   0x7000294c   0x00000002   Code   RO        15965    .ARM.Collect$$libinit$$00000000  c_w.l(libinit.o)
    0x80000412   0x7000294e   0x00000004   Code   RO        15742    .ARM.Collect$$libinit$$00000001  c_w.l(libinit2.o)
    0x80000416   0x70002952   0x00000000   Code   RO        15745    .ARM.Collect$$libinit$$00000004  c_w.l(libinit2.o)
    0x80000416   0x70002952   0x00000000   Code   RO        15748    .ARM.Collect$$libinit$$0000000A  c_w.l(libinit2.o)
    0x80000416   0x70002952   0x00000000   Code   RO        15750    .ARM.Collect$$libinit$$0000000C  c_w.l(libinit2.o)
    0x80000416   0x70002952   0x00000000   Code   RO        15752    .ARM.Collect$$libinit$$0000000E  c_w.l(libinit2.o)
    0x80000416   0x70002952   0x00000006   Code   RO        15753    .ARM.Collect$$libinit$$0000000F  c_w.l(libinit2.o)
    0x8000041c   0x70002958   0x00000000   Code   RO        15755    .ARM.Collect$$libinit$$00000011  c_w.l(libinit2.o)
    0x8000041c   0x70002958   0x00000000   Code   RO        15757    .ARM.Collect$$libinit$$00000013  c_w.l(libinit2.o)
    0x8000041c   0x70002958   0x00000000   Code   RO        15759    .ARM.Collect$$libinit$$00000015  c_w.l(libinit2.o)
    0x8000041c   0x70002958   0x0000000a   Code   RO        15760    .ARM.Collect$$libinit$$00000016  c_w.l(libinit2.o)
    0x80000426   0x70002962   0x00000000   Code   RO        15761    .ARM.Collect$$libinit$$00000017  c_w.l(libinit2.o)
    0x80000426   0x70002962   0x00000000   Code   RO        15763    .ARM.Collect$$libinit$$00000019  c_w.l(libinit2.o)
    0x80000426   0x70002962   0x00000000   Code   RO        15765    .ARM.Collect$$libinit$$0000001B  c_w.l(libinit2.o)
    0x80000426   0x70002962   0x00000000   Code   RO        15767    .ARM.Collect$$libinit$$0000001D  c_w.l(libinit2.o)
    0x80000426   0x70002962   0x00000000   Code   RO        15769    .ARM.Collect$$libinit$$0000001F  c_w.l(libinit2.o)
    0x80000426   0x70002962   0x00000000   Code   RO        15771    .ARM.Collect$$libinit$$00000021  c_w.l(libinit2.o)
    0x80000426   0x70002962   0x00000000   Code   RO        15773    .ARM.Collect$$libinit$$00000023  c_w.l(libinit2.o)
    0x80000426   0x70002962   0x00000000   Code   RO        15775    .ARM.Collect$$libinit$$00000025  c_w.l(libinit2.o)
    0x80000426   0x70002962   0x00000000   Code   RO        15779    .ARM.Collect$$libinit$$0000002C  c_w.l(libinit2.o)
    0x80000426   0x70002962   0x00000000   Code   RO        15781    .ARM.Collect$$libinit$$0000002E  c_w.l(libinit2.o)
    0x80000426   0x70002962   0x00000000   Code   RO        15783    .ARM.Collect$$libinit$$00000030  c_w.l(libinit2.o)
    0x80000426   0x70002962   0x00000000   Code   RO        15785    .ARM.Collect$$libinit$$00000032  c_w.l(libinit2.o)
    0x80000426   0x70002962   0x00000002   Code   RO        15786    .ARM.Collect$$libinit$$00000033  c_w.l(libinit2.o)
    0x80000428   0x70002964   0x00000002   Code   RO        16066    .ARM.Collect$$libshutdown$$00000000  c_w.l(libshutdown.o)
    0x8000042a   0x70002966   0x00000000   Code   RO        15992    .ARM.Collect$$libshutdown$$00000002  c_w.l(libshutdown2.o)
    0x8000042a   0x70002966   0x00000000   Code   RO        15994    .ARM.Collect$$libshutdown$$00000004  c_w.l(libshutdown2.o)
    0x8000042a   0x70002966   0x00000000   Code   RO        15997    .ARM.Collect$$libshutdown$$00000007  c_w.l(libshutdown2.o)
    0x8000042a   0x70002966   0x00000000   Code   RO        16000    .ARM.Collect$$libshutdown$$0000000A  c_w.l(libshutdown2.o)
    0x8000042a   0x70002966   0x00000000   Code   RO        16002    .ARM.Collect$$libshutdown$$0000000C  c_w.l(libshutdown2.o)
    0x8000042a   0x70002966   0x00000000   Code   RO        16005    .ARM.Collect$$libshutdown$$0000000F  c_w.l(libshutdown2.o)
    0x8000042a   0x70002966   0x00000002   Code   RO        16006    .ARM.Collect$$libshutdown$$00000010  c_w.l(libshutdown2.o)
    0x8000042c   0x70002968   0x00000000   Code   RO        15697    .ARM.Collect$$rtentry$$00000000  c_w.l(__rtentry.o)
    0x8000042c   0x70002968   0x00000000   Code   RO        15835    .ARM.Collect$$rtentry$$00000002  c_w.l(__rtentry2.o)
    0x8000042c   0x70002968   0x00000004   Code   RO        15849    .ARM.Collect$$rtentry$$00000007  c_w.l(__rtentry7.o)
    0x80000430   0x7000296c   0x00000000   Code   RO        15837    .ARM.Collect$$rtentry$$00000009  c_w.l(__rtentry2.o)
    0x80000430   0x7000296c   0x00000004   Code   RO        15838    .ARM.Collect$$rtentry$$0000000A  c_w.l(__rtentry2.o)
    0x80000434   0x70002970   0x00000000   Code   RO        15840    .ARM.Collect$$rtentry$$0000000C  c_w.l(__rtentry2.o)
    0x80000434   0x70002970   0x00000008   Code   RO        15841    .ARM.Collect$$rtentry$$0000000D  c_w.l(__rtentry2.o)
    0x8000043c   0x70002978   0x00000004   Code   RO        15850    .ARM.Collect$$rtentry$$00002718  c_w.l(__rtentry7.o)
    0x80000440   0x7000297c   0x00000002   Code   RO        15972    .ARM.Collect$$rtexit$$00000000  c_w.l(rtexit.o)
    0x80000442   0x7000297e   0x00000000   Code   RO        16030    .ARM.Collect$$rtexit$$00000002  c_w.l(rtexit2.o)
    0x80000442   0x7000297e   0x00000004   Code   RO        16031    .ARM.Collect$$rtexit$$00000003  c_w.l(rtexit2.o)
    0x80000446   0x70002982   0x00000006   Code   RO        16032    .ARM.Collect$$rtexit$$00000004  c_w.l(rtexit2.o)
    0x8000044c   0x70002988   0x000000ee   Code   RO        15608    .text               c_w.l(lludivv7m.o)
    0x8000053a   0x70002a76   0x00000048   Code   RO        15612    .text               c_w.l(llsdiv.o)
    0x80000582   0x70002abe   0x00000002   PAD
    0x80000584   0x70002ac0   0x0000002c   Code   RO        15614    .text               c_w.l(__2sprintf.o)
    0x800005b0   0x70002aec   0x0000004e   Code   RO        15620    .text               c_w.l(_printf_pad.o)
    0x800005fe   0x70002b3a   0x00000002   PAD
    0x80000600   0x70002b3c   0x00000078   Code   RO        15622    .text               c_w.l(_printf_dec.o)
    0x80000678   0x70002bb4   0x0000010e   Code   RO        15632    .text               c_w.l(__printf_wp.o)
    0x80000786   0x70002cc2   0x0000003e   Code   RO        15647    .text               c_w.l(strlen.o)
    0x800007c4   0x70002d00   0x0000004e   Code   RO        15655    .text               c_w.l(rt_memclr_w.o)
    0x80000812   0x70002d4e   0x00000016   Code   RO        15727    .text               c_w.l(_rserrno.o)
    0x80000828   0x70002d64   0x000000b2   Code   RO        15729    .text               c_w.l(_printf_intcommon.o)
    0x800008da   0x70002e16   0x0000041e   Code   RO        15731    .text               c_w.l(_printf_fp_dec.o)
    0x80000cf8   0x70003234   0x00000030   Code   RO        15733    .text               c_w.l(_printf_char_common.o)
    0x80000d28   0x70003264   0x0000000a   Code   RO        15735    .text               c_w.l(_sputc.o)
    0x80000d32   0x7000326e   0x00000002   PAD
    0x80000d34   0x70003270   0x00000008   Code   RO        15859    .text               c_w.l(rt_locale_intlibspace.o)
    0x80000d3c   0x70003278   0x00000008   Code   RO        15864    .text               c_w.l(rt_errno_addr_intlibspace.o)
    0x80000d44   0x70003280   0x0000008a   Code   RO        15874    .text               c_w.l(lludiv10.o)
    0x80000dce   0x7000330a   0x00000002   PAD
    0x80000dd0   0x7000330c   0x00000080   Code   RO        15878    .text               c_w.l(_printf_fp_infnan.o)
    0x80000e50   0x7000338c   0x000000e4   Code   RO        15884    .text               c_w.l(bigflt0.o)
    0x80000f34   0x70003470   0x00000002   Code   RO        15931    .text               c_w.l(use_no_semi.o)
    0x80000f36   0x70003472   0x00000000   Code   RO        15933    .text               c_w.l(indicate_semi.o)
    0x80000f36   0x70003472   0x00000012   Code   RO        15944    .text               c_w.l(exit.o)
    0x80000f48   0x70003484   0x00000068   Code   RO        15954    .text               c_w.l(strcmpv7m_pel.o)
    0x80000fb0   0x700034ec   0x0000000c   Code   RO        15968    .text               c_w.l(sys_exit.o)
    0x80000fbc   0x700034f8   0x0000003e   Code   RO        15887    CL$$btod_d2e        c_w.l(btod.o)
    0x80000ffa   0x70003536   0x00000046   Code   RO        15889    CL$$btod_d2e_denorm_low  c_w.l(btod.o)
    0x80001040   0x7000357c   0x00000060   Code   RO        15888    CL$$btod_d2e_norm_op1  c_w.l(btod.o)
    0x800010a0   0x700035dc   0x00000338   Code   RO        15897    CL$$btod_div_common  c_w.l(btod.o)
    0x800013d8   0x70003914   0x000000dc   Code   RO        15894    CL$$btod_e2e        c_w.l(btod.o)
    0x800014b4   0x700039f0   0x0000002a   Code   RO        15891    CL$$btod_ediv       c_w.l(btod.o)
    0x800014de   0x70003a1a   0x0000002a   Code   RO        15890    CL$$btod_emul       c_w.l(btod.o)
    0x80001508   0x70003a44   0x00000244   Code   RO        15896    CL$$btod_mult_common  c_w.l(btod.o)
    0x8000174c   0x70003c88   0x00000110   Code   RO          909    i.ADC_DoAutoCalibration  fsl_adc.o
    0x8000185c   0x70003d98   0x00000016   Code   RO          910    i.ADC_EnableHardwareTrigger  fsl_adc.o
    0x80001872   0x70003dae   0x00000002   PAD
    0x80001874   0x70003db0   0x00000080   Code   RO          911    i.ADC_GetDefaultConfig  fsl_adc.o
    0x800018f4   0x70003e30   0x00000088   Code   RO          912    i.ADC_GetInstance   fsl_adc.o
    0x8000197c   0x70003eb8   0x000000e8   Code   RO          913    i.ADC_Init          fsl_adc.o
    0x80001a64   0x70003fa0   0x000000b8   Code   RO          914    i.ADC_SetChannelConfig  fsl_adc.o
    0x80001b1c   0x70004058   0x00000574   Code   RO          171    i.BOARD_BootClockRUN  clock_config.o
    0x80002090   0x700045cc   0x00000364   Code   RO            7    i.BOARD_ConfigMPU   board.o
    0x800023f4   0x70004930   0x00000078   Code   RO            8    i.BOARD_DebugConsoleSrcFreq  board.o
    0x8000246c   0x700049a8   0x00000018   Code   RO            9    i.BOARD_InitDebugConsole  board.o
    0x80002484   0x700049c0   0x00000004   Code   RO        12143    i.BusFault_Handler  common.o
    0x80002488   0x700049c4   0x00000080   Code   RO         3141    i.CAN1_DriverIRQHandler  fsl_flexcan.o
    0x80002508   0x70004a44   0x00000080   Code   RO         3142    i.CAN2_DriverIRQHandler  fsl_flexcan.o
    0x80002588   0x70004ac4   0x00000080   Code   RO         3143    i.CAN3_DriverIRQHandler  fsl_flexcan.o
    0x80002608   0x70004b44   0x00000084   Code   RO          918    i.CLOCK_ControlGate  fsl_adc.o
    0x8000268c   0x70004bc8   0x00000084   Code   RO         5173    i.CLOCK_ControlGate  fsl_gpt.o
    0x80002710   0x70004c4c   0x00000084   Code   RO         6112    i.CLOCK_ControlGate  fsl_lpuart.o
    0x80002794   0x70004cd0   0x00000084   Code   RO         6437    i.CLOCK_ControlGate  fsl_pit.o
    0x80002818   0x70004d54   0x00000084   Code   RO         6515    i.CLOCK_ControlGate  fsl_pwm.o
    0x8000289c   0x70004dd8   0x00000084   Code   RO         6759    i.CLOCK_ControlGate  fsl_qtmr.o
    0x80002920   0x70004e5c   0x00000010   Code   RO         1327    i.CLOCK_DeinitAudioPll  fsl_clock.o
    0x80002930   0x70004e6c   0x00000010   Code   RO         1328    i.CLOCK_DeinitEnetPll  fsl_clock.o
    0x80002940   0x70004e7c   0x0000000c   Code   RO         1335    i.CLOCK_DeinitUsb2Pll  fsl_clock.o
    0x8000294c   0x70004e88   0x00000010   Code   RO         1336    i.CLOCK_DeinitVideoPll  fsl_clock.o
    0x8000295c   0x70004e98   0x0000008c   Code   RO          173    i.CLOCK_DisableClock  clock_config.o
    0x800029e8   0x70004f24   0x0000008c   Code   RO         5122    i.CLOCK_EnableClock  fsl_gpio.o
    0x80002a74   0x70004fb0   0x0000008c   Code   RO        11255    i.CLOCK_EnableClock  zf_iomuxc.o
    0x80002b00   0x7000503c   0x0000001c   Code   RO         1343    i.CLOCK_GetAhbFreq  fsl_clock.o
    0x80002b1c   0x70005058   0x00000020   Code   RO           12    i.CLOCK_GetDiv      board.o
    0x80002b3c   0x70005078   0x0000012c   Code   RO         1344    i.CLOCK_GetFreq     fsl_clock.o
    0x80002c68   0x700051a4   0x0000001c   Code   RO         1345    i.CLOCK_GetIpgFreq  fsl_clock.o
    0x80002c84   0x700051c0   0x00000020   Code   RO         1346    i.CLOCK_GetOscFreq  fsl_clock.o
    0x80002ca4   0x700051e0   0x0000002c   Code   RO         1347    i.CLOCK_GetPerClkFreq  fsl_clock.o
    0x80002cd0   0x7000520c   0x000000c8   Code   RO         1348    i.CLOCK_GetPeriphClkFreq  fsl_clock.o
    0x80002d98   0x700052d4   0x00000338   Code   RO         1349    i.CLOCK_GetPllFreq  fsl_clock.o
    0x800030d0   0x7000560c   0x00000048   Code   RO         1350    i.CLOCK_GetSemcFreq  fsl_clock.o
    0x80003118   0x70005654   0x0000006c   Code   RO         1351    i.CLOCK_GetSysPfdFreq  fsl_clock.o
    0x80003184   0x700056c0   0x0000006c   Code   RO         1352    i.CLOCK_GetUsb1PfdFreq  fsl_clock.o
    0x800031f0   0x7000572c   0x00000058   Code   RO         1353    i.CLOCK_InitArmPll  fsl_clock.o
    0x80003248   0x70005784   0x00000098   Code   RO         1356    i.CLOCK_InitExternalClk  fsl_clock.o
    0x800032e0   0x7000581c   0x00000018   Code   RO         1357    i.CLOCK_InitRcOsc24M  fsl_clock.o
    0x800032f8   0x70005834   0x000000bc   Code   RO          174    i.CLOCK_SetDiv      clock_config.o
    0x800033b4   0x700058f0   0x000000bc   Code   RO          175    i.CLOCK_SetMux      clock_config.o
    0x80003470   0x700059ac   0x00000020   Code   RO          176    i.CLOCK_SetPllBypass  clock_config.o
    0x80003490   0x700059cc   0x00000018   Code   RO         1364    i.CLOCK_SwitchOsc   fsl_clock.o
    0x800034a8   0x700059e4   0x0000001c   Code   RO         1731    i.CSI_DriverIRQHandler  fsl_csi.o
    0x800034c4   0x70005a00   0x00000018   Code   RO        14797    i.CSI_IRQHandler    isr.o
    0x800034dc   0x70005a18   0x000001b2   Code   RO        15440    i.ConvertFloatRadixNumToString  fsl_str.o
    0x8000368e   0x70005bca   0x00000150   Code   RO        15441    i.ConvertRadixNumToString  fsl_str.o
    0x800037de   0x70005d1a   0x00000002   PAD
    0x800037e0   0x70005d1c   0x00000038   Code   RO         2300    i.DMA0_DMA16_DriverIRQHandler  fsl_edma.o
    0x80003818   0x70005d54   0x00000038   Code   RO         2301    i.DMA10_DMA26_DriverIRQHandler  fsl_edma.o
    0x80003850   0x70005d8c   0x00000038   Code   RO         2302    i.DMA11_DMA27_DriverIRQHandler  fsl_edma.o
    0x80003888   0x70005dc4   0x00000038   Code   RO         2303    i.DMA12_DMA28_DriverIRQHandler  fsl_edma.o
    0x800038c0   0x70005dfc   0x00000038   Code   RO         2304    i.DMA13_DMA29_DriverIRQHandler  fsl_edma.o
    0x800038f8   0x70005e34   0x00000038   Code   RO         2305    i.DMA14_DMA30_DriverIRQHandler  fsl_edma.o
    0x80003930   0x70005e6c   0x00000038   Code   RO         2306    i.DMA15_DMA31_DriverIRQHandler  fsl_edma.o
    0x80003968   0x70005ea4   0x00000038   Code   RO         2307    i.DMA1_DMA17_DriverIRQHandler  fsl_edma.o
    0x800039a0   0x70005edc   0x00000038   Code   RO         2308    i.DMA2_DMA18_DriverIRQHandler  fsl_edma.o
    0x800039d8   0x70005f14   0x00000038   Code   RO         2309    i.DMA3_DMA19_DriverIRQHandler  fsl_edma.o
    0x80003a10   0x70005f4c   0x00000038   Code   RO         2310    i.DMA4_DMA20_DriverIRQHandler  fsl_edma.o
    0x80003a48   0x70005f84   0x00000038   Code   RO         2311    i.DMA5_DMA21_DriverIRQHandler  fsl_edma.o
    0x80003a80   0x70005fbc   0x00000038   Code   RO         2312    i.DMA6_DMA22_DriverIRQHandler  fsl_edma.o
    0x80003ab8   0x70005ff4   0x00000038   Code   RO         2313    i.DMA7_DMA23_DriverIRQHandler  fsl_edma.o
    0x80003af0   0x7000602c   0x00000038   Code   RO         2314    i.DMA8_DMA24_DriverIRQHandler  fsl_edma.o
    0x80003b28   0x70006064   0x00000038   Code   RO         2315    i.DMA9_DMA25_DriverIRQHandler  fsl_edma.o
    0x80003b60   0x7000609c   0x000000f8   Code   RO        15319    i.DbgConsole_Init   fsl_debug_console.o
    0x80003c58   0x70006194   0x0000003e   Code   RO        15320    i.DbgConsole_PrintCallback  fsl_debug_console.o
    0x80003c96   0x700061d2   0x00000002   PAD
    0x80003c98   0x700061d4   0x00000050   Code   RO        15321    i.DbgConsole_Printf  fsl_debug_console.o
    0x80003ce8   0x70006224   0x00000070   Code   RO        15328    i.DbgConsole_SendDataReliable  fsl_debug_console.o
    0x80003d58   0x70006294   0x00000004   Code   RO        12144    i.DebugMon_Handler  common.o
    0x80003d5c   0x70006298   0x0000000c   Code   RO          411    i.DisableGlobalIRQ  serial_manager.o
    0x80003d68   0x700062a4   0x000000ac   Code   RO         2323    i.EDMA_GetChannelStatusFlags  fsl_edma.o
    0x80003e14   0x70006350   0x00000114   Code   RO         2328    i.EDMA_HandleIRQ    fsl_edma.o
    0x80003f28   0x70006464   0x00000010   Code   RO         2849    i.ENET2_DriverIRQHandler  fsl_enet.o
    0x80003f38   0x70006474   0x0000001c   Code   RO         2850    i.ENET_1588_Timer_IRQHandler  fsl_enet.o
    0x80003f54   0x70006490   0x00000078   Code   RO         2853    i.ENET_CommonFrame0IRQHandler  fsl_enet.o
    0x80003fcc   0x70006508   0x00000010   Code   RO         2855    i.ENET_DriverIRQHandler  fsl_enet.o
    0x80003fdc   0x70006518   0x0000008c   Code   RO         2859    i.ENET_GetInstance  fsl_enet.o
    0x80004068   0x700065a4   0x0000000a   Code   RO          412    i.EnableGlobalIRQ   serial_manager.o
    0x80004072   0x700065ae   0x00000008   Code   RO         3559    i.FLEXIO1_DriverIRQHandler  fsl_flexio.o
    0x8000407a   0x700065b6   0x00000008   Code   RO         3560    i.FLEXIO2_DriverIRQHandler  fsl_flexio.o
    0x80004082   0x700065be   0x00000008   Code   RO         3561    i.FLEXIO3_DriverIRQHandler  fsl_flexio.o
    0x8000408a   0x700065c6   0x0000003e   Code   RO         3690    i.FLEXIO_CAMERA_ClearStatusFlags  fsl_flexio_camera.o
    0x800040c8   0x70006604   0x00000004   Code   RO         3698    i.FLEXIO_ClearShifterErrorFlags  fsl_flexio_camera.o
    0x800040cc   0x70006608   0x00000038   Code   RO         3562    i.FLEXIO_CommonIRQHandler  fsl_flexio.o
    0x80004104   0x70006640   0x00000040   Code   RO        14798    i.GPIO2_Combined_0_15_IRQHandler  isr.o
    0x80004144   0x70006680   0x00000028   Code   RO        14799    i.GPIO2_Combined_16_31_IRQHandler  isr.o
    0x8000416c   0x700066a8   0x00000048   Code   RO         9635    i.GPIO3_Combined_0_15_IRQHandler  fsl_sdmmc_host.o
    0x800041b4   0x700066f0   0x0000000a   Code   RO        11066    i.GPIO_ClearPinsOutput  zf_gpio.o
    0x800041be   0x700066fa   0x00000002   PAD
    0x800041c0   0x700066fc   0x00000088   Code   RO         5123    i.GPIO_GetInstance  fsl_gpio.o
    0x80004248   0x70006784   0x00000008   Code   RO        14800    i.GPIO_GetPinsInterruptFlags  isr.o
    0x80004250   0x7000678c   0x00000074   Code   RO         5124    i.GPIO_PinInit      fsl_gpio.o
    0x800042c4   0x70006800   0x0000005c   Code   RO         9636    i.GPIO_PinRead      fsl_sdmmc_host.o
    0x80004320   0x7000685c   0x0000008a   Code   RO         5125    i.GPIO_PinSetInterruptConfig  fsl_gpio.o
    0x800043aa   0x700068e6   0x00000002   PAD
    0x800043ac   0x700068e8   0x00000070   Code   RO         5126    i.GPIO_PinWrite     fsl_gpio.o
    0x8000441c   0x70006958   0x00000004   Code   RO         9637    i.GPIO_PortClearInterruptFlags  fsl_sdmmc_host.o
    0x80004420   0x7000695c   0x00000006   Code   RO        11067    i.GPIO_PortToggle   zf_gpio.o
    0x80004426   0x70006962   0x0000000a   Code   RO        11068    i.GPIO_SetPinsOutput  zf_gpio.o
    0x80004430   0x7000696c   0x00000024   Code   RO         5174    i.GPT_Deinit        fsl_gpt.o
    0x80004454   0x70006990   0x00000074   Code   RO         5175    i.GPT_GetDefaultConfig  fsl_gpt.o
    0x800044c8   0x70006a04   0x00000088   Code   RO         5176    i.GPT_GetInstance   fsl_gpt.o
    0x80004550   0x70006a8c   0x0000018c   Code   RO         5177    i.GPT_Init          fsl_gpt.o
    0x800046dc   0x70006c18   0x0000007c   Code   RO        11972    i.GPT_SetOutputCompareValue  zf_systick.o
    0x80004758   0x70006c94   0x0000000a   Code   RO        11973    i.GPT_StartTimer    zf_systick.o
    0x80004762   0x70006c9e   0x0000000e   Code   RO          581    i.HAL_UartGetStatus  lpuart_adapter.o
    0x80004770   0x70006cac   0x00000150   Code   RO          582    i.HAL_UartInit      lpuart_adapter.o
    0x800048c0   0x70006dfc   0x000000b0   Code   RO          584    i.HAL_UartSendBlocking  lpuart_adapter.o
    0x80004970   0x70006eac   0x00000004   Code   RO        12145    i.HardFault_Handler  common.o
    0x80004974   0x70006eb0   0x0000000c   Code   RO        11256    i.IOMUXC_SetPinConfig  zf_iomuxc.o
    0x80004980   0x70006ebc   0x0000001a   Code   RO        11257    i.IOMUXC_SetPinMux  zf_iomuxc.o
    0x8000499a   0x70006ed6   0x00000002   PAD
    0x8000499c   0x70006ed8   0x00000080   Code   RO        15105    i.KEY_Scan          zlh_key.o
    0x80004a1c   0x70006f58   0x00000010   Code   RO         5284    i.LPI2C1_DriverIRQHandler  fsl_lpi2c.o
    0x80004a2c   0x70006f68   0x00000010   Code   RO         5285    i.LPI2C2_DriverIRQHandler  fsl_lpi2c.o
    0x80004a3c   0x70006f78   0x00000010   Code   RO         5286    i.LPI2C3_DriverIRQHandler  fsl_lpi2c.o
    0x80004a4c   0x70006f88   0x00000010   Code   RO         5287    i.LPI2C4_DriverIRQHandler  fsl_lpi2c.o
    0x80004a5c   0x70006f98   0x00000054   Code   RO         5289    i.LPI2C_CommonIRQHandler  fsl_lpi2c.o
    0x80004ab0   0x70006fec   0x00000074   Code   RO         5672    i.LPSPI1_DriverIRQHandler  fsl_lpspi.o
    0x80004b24   0x70007060   0x00000074   Code   RO         5673    i.LPSPI2_DriverIRQHandler  fsl_lpspi.o
    0x80004b98   0x700070d4   0x00000074   Code   RO         5674    i.LPSPI3_DriverIRQHandler  fsl_lpspi.o
    0x80004c0c   0x70007148   0x00000074   Code   RO         5675    i.LPSPI4_DriverIRQHandler  fsl_lpspi.o
    0x80004c80   0x700071bc   0x00000030   Code   RO         5679    i.LPSPI_CommonIRQHandler  fsl_lpspi.o
    0x80004cb0   0x700071ec   0x0000001c   Code   RO         6113    i.LPUART1_DriverIRQHandler  fsl_lpuart.o
    0x80004ccc   0x70007208   0x0000001c   Code   RO         6114    i.LPUART2_DriverIRQHandler  fsl_lpuart.o
    0x80004ce8   0x70007224   0x0000001c   Code   RO         6115    i.LPUART3_DriverIRQHandler  fsl_lpuart.o
    0x80004d04   0x70007240   0x0000001c   Code   RO         6116    i.LPUART4_DriverIRQHandler  fsl_lpuart.o
    0x80004d20   0x7000725c   0x0000001c   Code   RO         6117    i.LPUART5_DriverIRQHandler  fsl_lpuart.o
    0x80004d3c   0x70007278   0x0000001c   Code   RO         6118    i.LPUART6_DriverIRQHandler  fsl_lpuart.o
    0x80004d58   0x70007294   0x0000001c   Code   RO         6119    i.LPUART7_DriverIRQHandler  fsl_lpuart.o
    0x80004d74   0x700072b0   0x0000001c   Code   RO         6120    i.LPUART8_DriverIRQHandler  fsl_lpuart.o
    0x80004d90   0x700072cc   0x00000058   Code   RO         6122    i.LPUART_Deinit     fsl_lpuart.o
    0x80004de8   0x70007324   0x0000002c   Code   RO         6123    i.LPUART_DisableInterrupts  fsl_lpuart.o
    0x80004e14   0x70007350   0x0000002c   Code   RO         6124    i.LPUART_EnableInterrupts  fsl_lpuart.o
    0x80004e40   0x7000737c   0x00000088   Code   RO         6125    i.LPUART_GetDefaultConfig  fsl_lpuart.o
    0x80004ec8   0x70007404   0x00000020   Code   RO         6126    i.LPUART_GetEnabledInterrupts  fsl_lpuart.o
    0x80004ee8   0x70007424   0x00000090   Code   RO         6127    i.LPUART_GetInstance  fsl_lpuart.o
    0x80004f78   0x700074b4   0x00000010   Code   RO         6128    i.LPUART_GetStatusFlags  fsl_lpuart.o
    0x80004f88   0x700074c4   0x0000029c   Code   RO         6129    i.LPUART_Init       fsl_lpuart.o
    0x80005224   0x70007760   0x0000009c   Code   RO         6131    i.LPUART_ReadNonBlocking  fsl_lpuart.o
    0x800052c0   0x700077fc   0x000000f0   Code   RO         6135    i.LPUART_TransferCreateHandle  fsl_lpuart.o
    0x800053b0   0x700078ec   0x00000078   Code   RO         6137    i.LPUART_TransferGetRxRingBufferLength  fsl_lpuart.o
    0x80005428   0x70007964   0x000002c4   Code   RO         6140    i.LPUART_TransferHandleIRQ  fsl_lpuart.o
    0x800056ec   0x70007c28   0x00000074   Code   RO         6141    i.LPUART_TransferIsRxRingBufferFull  fsl_lpuart.o
    0x80005760   0x70007c9c   0x0000008c   Code   RO         6146    i.LPUART_WriteBlocking  fsl_lpuart.o
    0x800057ec   0x70007d28   0x00000070   Code   RO         6147    i.LPUART_WriteNonBlocking  fsl_lpuart.o
    0x8000585c   0x70007d98   0x00000004   Code   RO        12146    i.MemManage_Handler  common.o
    0x80005860   0x70007d9c   0x00000004   Code   RO        12147    i.NMI_Handler       common.o
    0x80005864   0x70007da0   0x0000000c   Code   RO        14801    i.PIT_ClearStatusFlags  isr.o
    0x80005870   0x70007dac   0x00000028   Code   RO         6438    i.PIT_Deinit        fsl_pit.o
    0x80005898   0x70007dd4   0x00000088   Code   RO         6439    i.PIT_GetInstance   fsl_pit.o
    0x80005920   0x70007e5c   0x00000012   Code   RO        14802    i.PIT_GetStatusFlags  isr.o
    0x80005932   0x70007e6e   0x00000002   PAD
    0x80005934   0x70007e70   0x0000008c   Code   RO        14803    i.PIT_IRQHandler    isr.o
    0x800059c0   0x70007efc   0x000000b4   Code   RO         6441    i.PIT_Init          fsl_pit.o
    0x80005a74   0x70007fb0   0x00000038   Code   RO        11296    i.PIT_SetTimerChainMode  zf_pit.o
    0x80005aac   0x70007fe8   0x0000000c   Code   RO        11297    i.PIT_SetTimerPeriod  zf_pit.o
    0x80005ab8   0x70007ff4   0x0000001a   Code   RO        11298    i.PIT_StartTimer    zf_pit.o
    0x80005ad2   0x7000800e   0x00000002   PAD
    0x80005ad4   0x70008010   0x00000038   Code   RO         6517    i.PWM_Deinit        fsl_pwm.o
    0x80005b0c   0x70008048   0x0000000a   Code   RO         6520    i.PWM_GetComplementU16  fsl_pwm.o
    0x80005b16   0x70008052   0x00000002   PAD
    0x80005b18   0x70008054   0x00000068   Code   RO         6521    i.PWM_GetDefaultConfig  fsl_pwm.o
    0x80005b80   0x700080bc   0x00000088   Code   RO         6523    i.PWM_GetInstance   fsl_pwm.o
    0x80005c08   0x70008144   0x000001d0   Code   RO         6525    i.PWM_Init          fsl_pwm.o
    0x80005dd8   0x70008314   0x00000026   Code   RO        11384    i.PWM_SetPwmLdok    zf_pwm.o
    0x80005dfe   0x7000833a   0x00000002   PAD
    0x80005e00   0x7000833c   0x00000414   Code   RO         6530    i.PWM_SetupPwm      fsl_pwm.o
    0x80006214   0x70008750   0x00000014   Code   RO        11385    i.PWM_StartTimer    zf_pwm.o
    0x80006228   0x70008764   0x000002b8   Code   RO         6531    i.PWM_UpdatePwmDutycycle  fsl_pwm.o
    0x800064e0   0x70008a1c   0x00000004   Code   RO        12148    i.PendSV_Handler    common.o
    0x800064e4   0x70008a20   0x00000034   Code   RO         6761    i.QTMR_Deinit       fsl_qtmr.o
    0x80006518   0x70008a54   0x00000070   Code   RO         6766    i.QTMR_GetDefaultConfig  fsl_qtmr.o
    0x80006588   0x70008ac4   0x00000088   Code   RO         6768    i.QTMR_GetInstance  fsl_qtmr.o
    0x80006610   0x70008b4c   0x000000e0   Code   RO         6770    i.QTMR_Init         fsl_qtmr.o
    0x800066f0   0x70008c2c   0x00000054   Code   RO         6933    i.SAI1_DriverIRQHandler  fsl_sai.o
    0x80006744   0x70008c80   0x00000054   Code   RO         6934    i.SAI2_DriverIRQHandler  fsl_sai.o
    0x80006798   0x70008cd4   0x0000007c   Code   RO         6936    i.SAI3_RX_DriverIRQHandler  fsl_sai.o
    0x80006814   0x70008d50   0x0000007c   Code   RO         6937    i.SAI3_TX_DriverIRQHandler  fsl_sai.o
    0x80006890   0x70008dcc   0x0000001c   Code   RO         6953    i.SAI_RxGetEnabledInterruptStatus  fsl_sai.o
    0x800068ac   0x70008de8   0x0000001a   Code   RO         6988    i.SAI_TxGetEnabledInterruptStatus  fsl_sai.o
    0x800068c6   0x70008e02   0x00000002   PAD
    0x800068c8   0x70008e04   0x00000024   Code   RO         9563    i.SDMMCEVENT_GetInstance  fsl_sdmmc_event.o
    0x800068ec   0x70008e28   0x00000018   Code   RO         9565    i.SDMMCEVENT_Notify  fsl_sdmmc_event.o
    0x80006904   0x70008e40   0x00000038   Code   RO         9648    i.SDMMCHOST_NofiyCardInsertStatus  fsl_sdmmc_host.o
    0x8000693c   0x70008e78   0x00000044   Code   RO         7961    i.SPDIF_DriverIRQHandler  fsl_spdif.o
    0x80006980   0x70008ebc   0x00000004   Code   RO        12149    i.SVC_Handler       common.o
    0x80006984   0x70008ec0   0x00000078   Code   RO          418    i.SerialManager_Init  serial_manager.o
    0x800069fc   0x70008f38   0x00000078   Code   RO          419    i.SerialManager_OpenReadHandle  serial_manager.o
    0x80006a74   0x70008fb0   0x0000006c   Code   RO          420    i.SerialManager_OpenWriteHandle  serial_manager.o
    0x80006ae0   0x7000901c   0x00000036   Code   RO          424    i.SerialManager_StartWriting  serial_manager.o
    0x80006b16   0x70009052   0x00000002   PAD
    0x80006b18   0x70009054   0x00000088   Code   RO          425    i.SerialManager_Write  serial_manager.o
    0x80006ba0   0x700090dc   0x00000014   Code   RO          426    i.SerialManager_WriteBlocking  serial_manager.o
    0x80006bb4   0x700090f0   0x0000008c   Code   RO          526    i.Serial_UartInit   serial_port_uart.o
    0x80006c40   0x7000917c   0x00000070   Code   RO          528    i.Serial_UartWrite  serial_port_uart.o
    0x80006cb0   0x700091ec   0x00000634   Code   RO        15443    i.StrFormatPrintf   fsl_str.o
    0x800072e4   0x70009820   0x00000010   Code   RO         9567    i.SysTick_Handler   fsl_sdmmc_event.o
    0x800072f4   0x70009830   0x00000034   Code   RO        14346    i.USB_DeviceControl  usb_device_dci.o
    0x80007328   0x70009864   0x00000102   Code   RO        14161    i.USB_DeviceEhciCancelControlPipe  usb_device_ehci.o
    0x8000742a   0x70009966   0x0000006c   Code   RO        14168    i.USB_DeviceEhciFillSetupBuffer  usb_device_ehci.o
    0x80007496   0x700099d2   0x00000050   Code   RO        14170    i.USB_DeviceEhciInterruptPortChange  usb_device_ehci.o
    0x800074e6   0x70009a22   0x0000006a   Code   RO        14171    i.USB_DeviceEhciInterruptReset  usb_device_ehci.o
    0x80007550   0x70009a8c   0x00000002   Code   RO        14172    i.USB_DeviceEhciInterruptSof  usb_device_ehci.o
    0x80007552   0x70009a8e   0x000002c4   Code   RO        14173    i.USB_DeviceEhciInterruptTokenDone  usb_device_ehci.o
    0x80007816   0x70009d52   0x00000058   Code   RO        14174    i.USB_DeviceEhciIsrFunction  usb_device_ehci.o
    0x8000786e   0x70009daa   0x000000ac   Code   RO        14355    i.USB_DeviceNotification  usb_device_dci.o
    0x8000791a   0x70009e56   0x00000028   Code   RO        14356    i.USB_DeviceNotificationTrigger  usb_device_dci.o
    0x80007942   0x70009e7e   0x00000064   Code   RO        14358    i.USB_DeviceResetNotification  usb_device_dci.o
    0x800079a6   0x70009ee2   0x00000002   PAD
    0x800079a8   0x70009ee4   0x00000010   Code   RO        12249    i.USB_OTG1_IRQHandler  zf_usb_cdc.o
    0x800079b8   0x70009ef4   0x00000010   Code   RO        12250    i.USB_OTG2_IRQHandler  zf_usb_cdc.o
    0x800079c8   0x70009f04   0x00000020   Code   RO         8479    i.USDHC1_DriverIRQHandler  fsl_usdhc.o
    0x800079e8   0x70009f24   0x00000020   Code   RO         8480    i.USDHC2_DriverIRQHandler  fsl_usdhc.o
    0x80007a08   0x70009f44   0x00000004   Code   RO        12150    i.UsageFault_Handler  common.o
    0x80007a0c   0x70009f48   0x00000030   Code   RO        15812    i.__ARM_fpclassify  m_wv.l(fpclassify.o)
    0x80007a3c   0x70009f78   0x00000028   Code   RO        15215    i.__NVIC_SetPriority  main.o
    0x80007a64   0x70009fa0   0x00000044   Code   RO        15291    i.__aeabi_assert    fsl_assert.o
    0x80007aa8   0x70009fe4   0x000000c0   Code   RO        15669    i.__hardfp_modf     m_wv.l(modf.o)
    0x80007b68   0x7000a0a4   0x000008f8   Code   RO        15675    i.__hardfp_pow      m_wv.l(pow.o)
    0x80008460   0x7000a99c   0x00000070   Code   RO        15814    i.__kernel_poly     m_wv.l(poly.o)
    0x800084d0   0x7000aa0c   0x00000020   Code   RO        15792    i.__mathlib_dbl_divzero  m_wv.l(dunder.o)
    0x800084f0   0x7000aa2c   0x00000006   Code   RO        15794    i.__mathlib_dbl_infnan2  m_wv.l(dunder.o)
    0x800084f6   0x7000aa32   0x00000002   PAD
    0x800084f8   0x7000aa34   0x00000018   Code   RO        15795    i.__mathlib_dbl_invalid  m_wv.l(dunder.o)
    0x80008510   0x7000aa4c   0x00000018   Code   RO        15796    i.__mathlib_dbl_overflow  m_wv.l(dunder.o)
    0x80008528   0x7000aa64   0x00000018   Code   RO        15798    i.__mathlib_dbl_underflow  m_wv.l(dunder.o)
    0x80008540   0x7000aa7c   0x0000000e   Code   RO        15634    i._is_digit         c_w.l(__printf_wp.o)
    0x8000854e   0x7000aa8a   0x00000002   PAD
    0x80008550   0x7000aa8c   0x00000054   Code   RO        14979    i.adcDeviation      zlh_adcget.o
    0x800085a4   0x7000aae0   0x000000e0   Code   RO        10768    i.adc_convert       zf_adc.o
    0x80008684   0x7000abc0   0x00000070   Code   RO        10769    i.adc_init          zf_adc.o
    0x800086f4   0x7000ac30   0x00000174   Code   RO        10770    i.adc_iomuxc        zf_adc.o
    0x80008868   0x7000ada4   0x00000044   Code   RO           14    i.board_init        board.o
    0x800088ac   0x7000ade8   0x00000068   Code   RO        15039    i.carSpeed          zlh_elma.o
    0x80008914   0x7000ae50   0x00000018   Code   RO        14804    i.checkTag_50ms     isr.o
    0x8000892c   0x7000ae68   0x00000018   Code   RO        14805    i.checkTag_5ms      isr.o
    0x80008944   0x7000ae80   0x000002fc   Code   RO        15216    i.checkUartData     main.o
    0x80008c40   0x7000b17c   0x00000026   Code   RO        14946    i.dgControl         zlh_dgcontrol.o
    0x80008c66   0x7000b1a2   0x00000010   Code   RO        14947    i.dgInit            zlh_dgcontrol.o
    0x80008c76   0x7000b1b2   0x00000002   PAD
    0x80008c78   0x7000b1b4   0x0000001c   Code   RO        10828    i.dma_restart       zf_camera.o
    0x80008c94   0x7000b1d0   0x0000003c   Code   RO        15040    i.elmaInit          zlh_elma.o
    0x80008cd0   0x7000b20c   0x00000018   Code   RO        15072    i.encoderInit       zlh_encoder.o
    0x80008ce8   0x7000b224   0x00000030   Code   RO        15073    i.encoderValue      zlh_encoder.o
    0x80008d18   0x7000b254   0x0000004c   Code   RO        15217    i.example_uart_callback  main.o
    0x80008d64   0x7000b2a0   0x00000018   Code   RO        15808    i.fabs              m_wv.l(fabs.o)
    0x80008d7c   0x7000b2b8   0x00000010   Code   RO        10833    i.flexio_flag_clear  zf_camera.o
    0x80008d8c   0x7000b2c8   0x00000078   Code   RO        14983    i.getAdcValue       zlh_adcget.o
    0x80008e04   0x7000b340   0x0000007c   Code   RO        15107    i.getKey            zlh_key.o
    0x80008e80   0x7000b3bc   0x00000074   Code   RO        11075    i.gpio_get          zf_gpio.o
    0x80008ef4   0x7000b430   0x00000058   Code   RO        11076    i.gpio_init         zf_gpio.o
    0x80008f4c   0x7000b488   0x0000003c   Code   RO        11078    i.gpio_set          zf_gpio.o
    0x80008f88   0x7000b4c4   0x00000020   Code   RO        11079    i.gpio_toggle       zf_gpio.o
    0x80008fa8   0x7000b4e4   0x000000b8   Code   RO        11974    i.gpt_init          zf_systick.o
    0x80009060   0x7000b59c   0x00005cdc   Code   RO        11258    i.iomuxc_pinconf    zf_iomuxc.o
    0x8000ed3c   0x70011278   0x0000002e   Code   RO        15108    i.keyInit           zlh_key.o
    0x8000ed6a   0x700112a6   0x00000002   PAD
    0x8000ed6c   0x700112a8   0x00000290   Code   RO        15218    i.main              main.o
    0x8000effc   0x70011538   0x00000020   Code   RO        13445    i.mt9v03x_vsync     seekfree_mt9v03x.o
    0x8000f01c   0x70011558   0x00000036   Code   RO        14984    i.myAdcInit         zlh_adcget.o
    0x8000f052   0x7001158e   0x0000003a   Code   RO        13106    i.oled_fill         seekfree_oled.o
    0x8000f08c   0x700115c8   0x0000011e   Code   RO        13108    i.oled_init         seekfree_oled.o
    0x8000f1aa   0x700116e6   0x00000002   PAD
    0x8000f1ac   0x700116e8   0x00000064   Code   RO        13110    i.oled_p6x8str      seekfree_oled.o
    0x8000f210   0x7001174c   0x00000094   Code   RO        13116    i.oled_set_pos      seekfree_oled.o
    0x8000f2a4   0x700117e0   0x00000060   Code   RO        13119    i.oled_wrcmd        seekfree_oled.o
    0x8000f304   0x70011840   0x00000060   Code   RO        13120    i.oled_wrdat        seekfree_oled.o
    0x8000f364   0x700118a0   0x0000002c   Code   RO        15158    i.pidInit           zlh_pid.o
    0x8000f390   0x700118cc   0x000000a4   Code   RO        15159    i.pidOut            zlh_pid.o
    0x8000f434   0x70011970   0x00000074   Code   RO        11303    i.pit_init          zf_pit.o
    0x8000f4a8   0x700119e4   0x0000006c   Code   RO        11304    i.pit_interrupt     zf_pit.o
    0x8000f514   0x70011a50   0x00000160   Code   RO        15219    i.prospectiveControl  main.o
    0x8000f674   0x70011bb0   0x00000080   Code   RO        11386    i.pwm_duty          zf_pwm.o
    0x8000f6f4   0x70011c30   0x000001d0   Code   RO        11388    i.pwm_init          zf_pwm.o
    0x8000f8c4   0x70011e00   0x000004ec   Code   RO        11389    i.pwm_iomuxc        zf_pwm.o
    0x8000fdb0   0x700122ec   0x00000534   Code   RO        11444    i.qtimer_iomuxc     zf_qtimer.o
    0x800102e4   0x70012820   0x00000028   Code   RO        11445    i.qtimer_quad_clear  zf_qtimer.o
    0x8001030c   0x70012848   0x0000002c   Code   RO        11446    i.qtimer_quad_get   zf_qtimer.o
    0x80010338   0x70012874   0x000000a4   Code   RO        11447    i.qtimer_quad_init  zf_qtimer.o
    0x800103dc   0x70012918   0x0000004c   Code   RO        13617    i.scc8660_vsync     seekfree_scc8660.o
    0x80010428   0x70012964   0x0000006a   Code   RO        15819    i.sqrt              m_wv.l(sqrt.o)
    0x80010492   0x700129ce   0x00000002   PAD
    0x80010494   0x700129d0   0x00000044   Code   RO        11975    i.systick_delay     zf_systick.o
    0x800104d8   0x70012a14   0x00000038   Code   RO        11976    i.systick_delay_ms  zf_systick.o
    0x80010510   0x70012a4c   0x00000060   Code   RO        12050    i.uart_init         zf_uart.o
    0x80010570   0x70012aac   0x000002d8   Code   RO        12051    i.uart_iomuxc       zf_uart.o
    0x80010848   0x70012d84   0x0000001c   Code   RO        12052    i.uart_putbuff      zf_uart.o
    0x80010864   0x70012da0   0x0000002c   Code   RO        12056    i.uart_rx_irq       zf_uart.o
    0x80010890   0x70012dcc   0x0000003c   Code   RO        12057    i.uart_set_handle   zf_uart.o
    0x800108cc   0x70012e08   0x0000002c   Code   RO        15910    locale$$code        c_w.l(lc_numeric_c.o)
    0x800108f8   0x70012e34   0x00000010   Code   RO        15923    x$fpl$dcheck1       fz_wv.l(dcheck1.o)
    0x80010908   0x70012e44   0x000000a2   Code   RO        15663    x$fpl$dfltll        fz_wv.l(dfltll_clz.o)
    0x800109aa   0x70012ee6   0x0000009c   Code   RO        15787    x$fpl$dnaninf       fz_wv.l(dnaninf.o)
    0x80010a46   0x70012f82   0x0000000a   Code   RO        15925    x$fpl$fpinit        fz_wv.l(fpinit.o)
    0x80010a50   0x70012f8c   0x000000c2   Code   RO        15659    x$fpl$llsfromd      fz_wv.l(dfixll.o)
    0x80010b12   0x7001304e   0x00000004   Code   RO        15667    x$fpl$printf1       fz_wv.l(printf1.o)
    0x80010b16   0x70013052   0x00000064   Code   RO        15966    x$fpl$retnan        fz_wv.l(retnan.o)
    0x80010b7a   0x700130b6   0x0000005c   Code   RO        15789    x$fpl$scalbn        fz_wv.l(scalbn.o)
    0x80010bd6   0x70013112   0x00000030   Code   RO        16017    x$fpl$trapveneer    fz_wv.l(trapv.o)
    0x80010c06   0x70013142   0x00000000   Code   RO        15791    x$fpl$usenofp       fz_wv.l(usenofp.o)
    0x80010c06   0x70013142   0x00000002   PAD
    0x80010c08   0x70013144   0x0000001e   Data   RO          177    .constdata          clock_config.o
    0x80010c26   0x70013162   0x00000002   PAD
    0x80010c28   0x70013164   0x00000024   Data   RO          585    .constdata          lpuart_adapter.o
    0x80010c4c   0x70013188   0x00000012   Data   RO          919    .constdata          fsl_adc.o
    0x80010c5e   0x7001319a   0x00000002   PAD
    0x80010c60   0x7001319c   0x00000010   Data   RO         1366    .constdata          fsl_clock.o
    0x80010c70   0x700131ac   0x00000024   Data   RO         2886    .constdata          fsl_enet.o
    0x80010c94   0x700131d0   0x00000034   Data   RO         5127    .constdata          fsl_gpio.o
    0x80010cc8   0x70013204   0x00000012   Data   RO         5178    .constdata          fsl_gpt.o
    0x80010cda   0x70013216   0x00000002   PAD
    0x80010cdc   0x70013218   0x00000048   Data   RO         6149    .constdata          fsl_lpuart.o
    0x80010d24   0x70013260   0x00000006   Data   RO         6442    .constdata          fsl_pit.o
    0x80010d2a   0x70013266   0x00000002   PAD
    0x80010d2c   0x70013268   0x0000003c   Data   RO         6532    .constdata          fsl_pwm.o
    0x80010d68   0x700132a4   0x0000001e   Data   RO         6774    .constdata          fsl_qtmr.o
    0x80010d86   0x700132c2   0x00000002   PAD
    0x80010d88   0x700132c4   0x00000018   Data   RO         8524    .constdata          fsl_usdhc.o
    0x80010da0   0x700132dc   0x00001b88   Data   RO        12595    .constdata          seekfree_font.o
    0x80012928   0x70014e64   0x00000010   Data   RO        15330    .constdata          fsl_debug_console.o
    0x80012938   0x70014e74   0x00000088   Data   RO        15678    .constdata          m_wv.l(pow.o)
    0x800129c0   0x70014efc   0x00000008   Data   RO        15816    .constdata          m_wv.l(qnan.o)
    0x800129c8   0x70014f04   0x00000094   Data   RO        15885    .constdata          c_w.l(bigflt0.o)
    0x80012a5c   0x70014f98   0x00000049   Data   RO          427    .conststring        serial_manager.o
    0x80012aa5   0x70014fe1   0x00000003   PAD
    0x80012aa8   0x70014fe4   0x0000004b   Data   RO          529    .conststring        serial_port_uart.o
    0x80012af3   0x7001502f   0x00000001   PAD
    0x80012af4   0x70015030   0x00000049   Data   RO          586    .conststring        lpuart_adapter.o
    0x80012b3d   0x70015079   0x00000003   PAD
    0x80012b40   0x7001507c   0x00000090   Data   RO         6150    .conststring        fsl_lpuart.o
    0x80012bd0   0x7001510c   0x0000004a   Data   RO        15331    .conststring        fsl_debug_console.o
    0x80012c1a   0x70015156   0x00000002   PAD
    0x80012c1c   0x70015158   0x0000001c   Data   RO        15909    locale$$data        c_w.l(lc_numeric_c.o)


    Execution Region SDRAM_ncache (Exec base: 0x81e00000, Load base: 0x7001521c, Size: 0x00000000, Max: 0x00200000, ABSOLUTE)

    **** No section assigned to this execution region ****


==============================================================================

Image component sizes


      Code (inc. data)   RO Data    RW Data    ZI Data      Debug   Object Name

      1112         94          0          0          0    1530127   board.o
      1944        446         30          0          0      16203   clock_config.o
        32          0          0          0          1       8725   common.o
         0          0        512          0          0       5983   evkmimxrt1064_flexspi_nor_config.o
         0          0       1072          0          0        715   evkmimxrt1064_sdram_ini_dcd.o
         0          0          0          0          0        564   ff.o
      1106        522         18          0          0      20068   fsl_adc.o
        68         44          0          0          0        697   fsl_assert.o
      2092        318         16          0          8      24195   fsl_clock.o
        28         12          0          0          8      45342   fsl_csi.o
       502        104         90          0         36       7225   fsl_debug_console.o
      1344        296          0          0        129      16952   fsl_edma.o
       320        138         36          0         28      17489   fsl_enet.o
       384        276          0          0         20      14076   fsl_flexcan.o
        80         12          0          0         24       9662   fsl_flexio.o
        66          0          0          0          0       9220   fsl_flexio_camera.o
         0          0          0          0          0        524   fsl_flexspi.o
         0          0         48          0          0       2422   fsl_flexspi_nor_boot.o
       642        234         52          0          0       6304   fsl_gpio.o
       816        390         18          0          0       7599   fsl_gpt.o
       148         34          0          0         48      10976   fsl_lpi2c.o
       512        336          0          0         33      10415   fsl_lpspi.o
      3120        964        216          0         40      23019   fsl_lpuart.o
       488        234          6          0          0       4788   fsl_pit.o
      2642        562         60          0          0      13871   fsl_pwm.o
       656        302         30          0          0       7198   fsl_qtmr.o
       470        208          0          0         40      10902   fsl_sai.o
        76         14          0          0         12       3392   fsl_sdmmc_event.o
       224         74          0          0         52      26792   fsl_sdmmc_host.o
        68         16          0          0         16       5897   fsl_spdif.o
      2358          0          0          0          0       5370   fsl_str.o
        64         28         24          0         16      13795   fsl_usdhc.o
         0          0          0          0          0      10376   generic_list.o
       354         40          0          0         14       9476   isr.o
       526        224        109          0          0       4602   lpuart_adapter.o
      1888        376          0         32        424       7506   main.o
         0          0          0          0          0      90239   pin_mux.o
         0          0       7048          0          0        933   seekfree_font.o
         0          0          0          0          0       1472   seekfree_ips200_parallel8.o
        32          8          0          0      22560       8215   seekfree_mt9v03x.o
         0          0          0          0          0       4401   seekfree_nrf24l01.o
       784         84          0          0          0       4944   seekfree_oled.o
        76         16          0          0      76865       2285   seekfree_scc8660.o
       580        138         73          0          0       7434   serial_manager.o
       252         76         75          0          0       2509   serial_port_uart.o
       548        242       1024          0          0       3468   startup_mimxrt1064.o
       598         28          0          4          0      38111   system_mimxrt1064.o
       364          0          0          0          0       4204   usb_device_dci.o
      1350          0          0          0          0      12860   usb_device_ehci.o
       708        240          0         12          0      12226   zf_adc.o
        44         12          0          0         88       3436   zf_camera.o
       322         80          0         40          0       7042   zf_gpio.o
     23950        764          0          0          0      14857   zf_iomuxc.o
       318         74          0          0          0       6067   zf_pit.o
      1910        184          0         20          0      12539   zf_pwm.o
      1580         64          0         20          0       8923   zf_qtimer.o
       442        192          0          0          1       6798   zf_systick.o
       956         82          0         36          0       9029   zf_uart.o
        32          8          0          0        568      30220   zf_usb_cdc.o
       258         12          0          0         12       2973   zlh_adcget.o
        54          0          0          0          0       1197   zlh_dgcontrol.o
       164          0          0          0          0       1142   zlh_elma.o
        72          0          0          0          0       1453   zlh_encoder.o
       298         46          0          1          7       2117   zlh_key.o
       208         18          0          0          0       2079   zlh_pid.o

    ----------------------------------------------------------------------
     60076       8666      10640        168     107204    2215640   Object Totals
        10          0         64          0       6144          0   (incl. Generated)
        36          0         19          3         10          0   (incl. Padding)

    ----------------------------------------------------------------------

      Code (inc. data)   RO Data    RW Data    ZI Data      Debug   Library Member Name

        44          6          0          0          0         84   __2sprintf.o
         8          0          0          0          0         68   __main.o
       284          0          0          0          0        156   __printf_wp.o
         0          0          0          0          0          0   __rtentry.o
        12          0          0          0          0          0   __rtentry2.o
         8          4          0          0          0          0   __rtentry7.o
        52          8          0          0          0          0   __scatter.o
        26          0          0          0          0          0   __scatter_copy.o
        28          0          0          0          0          0   __scatter_zi.o
        48          6          0          0          0         96   _printf_char_common.o
         6          0          0          0          0          0   _printf_d.o
       120         16          0          0          0         92   _printf_dec.o
         6          0          0          0          0          0   _printf_f.o
      1054          0          0          0          0        216   _printf_fp_dec.o
       128         16          0          0          0         84   _printf_fp_infnan.o
       178          0          0          0          0         88   _printf_intcommon.o
        78          0          0          0          0        108   _printf_pad.o
         0          0          0          0          0          0   _printf_percent.o
         4          0          0          0          0          0   _printf_percent_end.o
        22          0          0          0          0        100   _rserrno.o
        10          0          0          0          0         68   _sputc.o
       228          4        148          0          0         96   bigflt0.o
      1936        128          0          0          0        672   btod.o
        18          0          0          0          0         80   exit.o
         0          0          0          0          0          0   indicate_semi.o
        44         10         28          0          0         76   lc_numeric_c.o
         2          0          0          0          0          0   libinit.o
        22          0          0          0          0          0   libinit2.o
         2          0          0          0          0          0   libshutdown.o
         2          0          0          0          0          0   libshutdown2.o
         0          0          0          0         96          0   libspace.o
        72          0          0          0          0         76   llsdiv.o
       138          0          0          0          0         80   lludiv10.o
       238          0          0          0          0        100   lludivv7m.o
         8          4          0          0          0         68   rt_errno_addr_intlibspace.o
         8          4          0          0          0         68   rt_locale_intlibspace.o
        78          0          0          0          0         80   rt_memclr_w.o
         2          0          0          0          0          0   rtexit.o
        10          0          0          0          0          0   rtexit2.o
       104          0          0          0          0         68   strcmpv7m_pel.o
        62          0          0          0          0         76   strlen.o
        12          4          0          0          0         68   sys_exit.o
         2          0          0          0          0         68   use_no_semi.o
        16          4          0          0          0        116   dcheck1.o
       194          4          0          0          0        164   dfixll.o
       162          0          0          0          0        132   dfltll_clz.o
       156          4          0          0          0        140   dnaninf.o
        10          0          0          0          0        116   fpinit.o
         4          0          0          0          0        116   printf1.o
       100          0          0          0          0        116   retnan.o
        92          0          0          0          0        116   scalbn.o
        48          0          0          0          0        116   trapv.o
         0          0          0          0          0          0   usenofp.o
       110         60          0          0          0        580   dunder.o
        24          0          0          0          0        124   fabs.o
        48          0          0          0          0        124   fpclassify.o
       192          6          0          0          0        176   modf.o
       112          0          0          0          0        116   poly.o
      2296        304        136          0          0        320   pow.o
         0          0          8          0          0          0   qnan.o
       106          0          0          0          0        140   sqrt.o

    ----------------------------------------------------------------------
      8792        592        320          0         96       5548   Library Totals
        18          0          0          0          0          0   (incl. Padding)

    ----------------------------------------------------------------------

      Code (inc. data)   RO Data    RW Data    ZI Data      Debug   Library Name

      5104        210        176          0         96       2836   c_w.l
       782         12          0          0          0       1132   fz_wv.l
      2888        370        144          0          0       1580   m_wv.l

    ----------------------------------------------------------------------
      8792        592        320          0         96       5548   Library Totals

    ----------------------------------------------------------------------

==============================================================================


      Code (inc. data)   RO Data    RW Data    ZI Data      Debug   

     68868       9258      10960        168     107300    2191980   Grand Totals
     68868       9258      10960        168     107300    2191980   ELF Image Totals
     68868       9258      10960        168          0          0   ROM Totals

==============================================================================

    Total RO  Size (Code + RO Data)                79828 (  77.96kB)
    Total RW  Size (RW Data + ZI Data)            107468 ( 104.95kB)
    Total ROM Size (Code + RO Data + RW Data)      79996 (  78.12kB)

==============================================================================

